Component: Arm Compiler for Embedded 6.18 Tool: armlink [5e4cc100]

==============================================================================

Section Cross References

    board.o(.text.board_init) refers to board.o(.text.init_PORTB) for init_PORTB
    board.o(.text.board_init) refers to board.o(.text.init_PORTD) for init_PORTD
    board.o(.text.board_init) refers to board.o(.text.init_PORTE) for init_PORTE
    board.o(.text.board_init) refers to board.o(.text.init_PORTF) for init_PORTF
    board.o(.ARM.exidx.text.board_init) refers to board.o(.text.board_init) for [Anonymous Symbol]
    board.o(.ARM.exidx.text.init_PORTB) refers to board.o(.text.init_PORTB) for [Anonymous Symbol]
    board.o(.ARM.exidx.text.init_PORTD) refers to board.o(.text.init_PORTD) for [Anonymous Symbol]
    board.o(.ARM.exidx.text.init_PORTE) refers to board.o(.text.init_PORTE) for [Anonymous Symbol]
    board.o(.ARM.exidx.text.init_PORTF) refers to board.o(.text.init_PORTF) for [Anonymous Symbol]
    board.o(.ARM.exidx.text.delay_ms) refers to board.o(.text.delay_ms) for [Anonymous Symbol]
    board.o(.ARM.exidx.text.Lectura) refers to board.o(.text.Lectura) for [Anonymous Symbol]
    main.o(.text.Nokia5110_Init) refers to main.o(.text.lcdwrite) for lcdwrite
    main.o(.ARM.exidx.text.Nokia5110_Init) refers to main.o(.text.Nokia5110_Init) for [Anonymous Symbol]
    main.o(.ARM.exidx.text.lcdwrite) refers to main.o(.text.lcdwrite) for [Anonymous Symbol]
    main.o(.text.Nokia5110_OutChar) refers to main.o(.text.lcdwrite) for lcdwrite
    main.o(.text.Nokia5110_OutChar) refers to main.o(.rodata.ASCII) for ASCII
    main.o(.ARM.exidx.text.Nokia5110_OutChar) refers to main.o(.text.Nokia5110_OutChar) for [Anonymous Symbol]
    main.o(.text.Nokia5110_OutString) refers to main.o(.text.Nokia5110_OutChar) for Nokia5110_OutChar
    main.o(.ARM.exidx.text.Nokia5110_OutString) refers to main.o(.text.Nokia5110_OutString) for [Anonymous Symbol]
    main.o(.text.Nokia5110_OutUDec) refers to main.o(.rodata.str1.1) for .L.str
    main.o(.text.Nokia5110_OutUDec) refers to main.o(.text.Nokia5110_OutString) for Nokia5110_OutString
    main.o(.text.Nokia5110_OutUDec) refers to main.o(.text.Nokia5110_OutChar) for Nokia5110_OutChar
    main.o(.ARM.exidx.text.Nokia5110_OutUDec) refers to main.o(.text.Nokia5110_OutUDec) for [Anonymous Symbol]
    main.o(.text.Nokia5110_SetCursor) refers to main.o(.text.lcdwrite) for lcdwrite
    main.o(.ARM.exidx.text.Nokia5110_SetCursor) refers to main.o(.text.Nokia5110_SetCursor) for [Anonymous Symbol]
    main.o(.text.Nokia5110_Clear) refers to main.o(.text.lcdwrite) for lcdwrite
    main.o(.text.Nokia5110_Clear) refers to main.o(.text.Nokia5110_SetCursor) for Nokia5110_SetCursor
    main.o(.ARM.exidx.text.Nokia5110_Clear) refers to main.o(.text.Nokia5110_Clear) for [Anonymous Symbol]
    main.o(.text.Nokia5110_DrawFullImage) refers to main.o(.text.Nokia5110_SetCursor) for Nokia5110_SetCursor
    main.o(.text.Nokia5110_DrawFullImage) refers to main.o(.text.lcdwrite) for lcdwrite
    main.o(.ARM.exidx.text.Nokia5110_DrawFullImage) refers to main.o(.text.Nokia5110_DrawFullImage) for [Anonymous Symbol]
    main.o(.text.main) refers to board.o(.text.board_init) for board_init
    main.o(.text.main) refers to main.o(.text.Nokia5110_Init) for Nokia5110_Init
    main.o(.text.main) refers to main.o(.text.Nokia5110_Clear) for Nokia5110_Clear
    main.o(.text.main) refers to main.o(.rodata.gif1) for gif1
    main.o(.text.main) refers to main.o(.text.Nokia5110_DrawFullImage) for Nokia5110_DrawFullImage
    main.o(.text.main) refers to board.o(.text.delay_ms) for delay_ms
    main.o(.text.main) refers to main.o(.rodata.gif2) for gif2
    main.o(.text.main) refers to main.o(.rodata.gif3) for gif3
    main.o(.text.main) refers to main.o(.rodata.gif4) for gif4
    main.o(.text.main) refers to main.o(.rodata.gif5) for gif5
    main.o(.text.main) refers to main.o(.rodata.gif6) for gif6
    main.o(.text.main) refers to main.o(.rodata.gif7) for gif7
    main.o(.text.main) refers to main.o(.rodata.gif8) for gif8
    main.o(.text.main) refers to main.o(.rodata.gif9) for gif9
    main.o(.text.main) refers to main.o(.rodata.gif10) for gif10
    main.o(.text.main) refers to main.o(.rodata.fantasma1) for fantasma1
    main.o(.text.main) refers to main.o(.rodata.fantasma2) for fantasma2
    main.o(.ARM.exidx.text.main) refers to main.o(.text.main) for [Anonymous Symbol]
    display.o(.ARM.exidx.text.display) refers to display.o(.text.display) for [Anonymous Symbol]
    display.o(.text.visualizacion) refers to display.o(.text.display) for display
    display.o(.text.visualizacion) refers to board.o(.text.delay_ms) for delay_ms
    display.o(.ARM.exidx.text.visualizacion) refers to display.o(.text.visualizacion) for [Anonymous Symbol]
    startup_tm4c123.o(RESET) refers to startup_tm4c123.o(STACK) for __initial_sp
    startup_tm4c123.o(RESET) refers to startup_tm4c123.o(.text) for Reset_Handler
    startup_tm4c123.o(.text) refers to system_tm4c123.o(.text.SystemInit) for SystemInit
    startup_tm4c123.o(.text) refers to entry.o(.ARM.Collect$$$$00000000) for __main
    system_tm4c123.o(.text.SystemCoreClockUpdate) refers to system_tm4c123.o(.text.getOscClk) for getOscClk
    system_tm4c123.o(.text.SystemCoreClockUpdate) refers to system_tm4c123.o(.data.SystemCoreClock) for SystemCoreClock
    system_tm4c123.o(.ARM.exidx.text.SystemCoreClockUpdate) refers to system_tm4c123.o(.text.SystemCoreClockUpdate) for [Anonymous Symbol]
    system_tm4c123.o(.ARM.exidx.text.getOscClk) refers to system_tm4c123.o(.text.getOscClk) for [Anonymous Symbol]
    system_tm4c123.o(.ARM.exidx.text.SystemInit) refers to system_tm4c123.o(.text.SystemInit) for [Anonymous Symbol]
    entry.o(.ARM.Collect$$$$00000000) refers (Special) to entry10a.o(.ARM.Collect$$$$0000000D) for __rt_final_cpp
    entry.o(.ARM.Collect$$$$00000000) refers (Special) to entry11a.o(.ARM.Collect$$$$0000000F) for __rt_final_exit
    entry.o(.ARM.Collect$$$$00000000) refers (Special) to entry7b.o(.ARM.Collect$$$$00000008) for _main_clock
    entry.o(.ARM.Collect$$$$00000000) refers (Special) to entry8b.o(.ARM.Collect$$$$0000000A) for _main_cpp_init
    entry.o(.ARM.Collect$$$$00000000) refers (Special) to entry9a.o(.ARM.Collect$$$$0000000B) for _main_init
    entry.o(.ARM.Collect$$$$00000000) refers (Special) to entry5.o(.ARM.Collect$$$$00000004) for _main_scatterload
    entry.o(.ARM.Collect$$$$00000000) refers (Special) to entry2.o(.ARM.Collect$$$$00000001) for _main_stk
    entry2.o(.ARM.Collect$$$$00000001) refers to entry2.o(.ARM.Collect$$$$00002712) for __lit__00000000
    entry2.o(.ARM.Collect$$$$00002712) refers to startup_tm4c123.o(STACK) for __initial_sp
    entry2.o(__vectab_stack_and_reset_area) refers to startup_tm4c123.o(STACK) for __initial_sp
    entry2.o(__vectab_stack_and_reset_area) refers to entry.o(.ARM.Collect$$$$00000000) for __main
    entry5.o(.ARM.Collect$$$$00000004) refers to init.o(.text) for __scatterload
    entry9a.o(.ARM.Collect$$$$0000000B) refers to main.o(.text.main) for main
    entry9b.o(.ARM.Collect$$$$0000000C) refers to main.o(.text.main) for main
    init.o(.text) refers to entry5.o(.ARM.Collect$$$$00000004) for __main_after_scatterload


==============================================================================

Removing Unused input sections from the image.

    Removing board.o(.text), (0 bytes).
    Removing board.o(.ARM.exidx.text.board_init), (8 bytes).
    Removing board.o(.ARM.exidx.text.init_PORTB), (8 bytes).
    Removing board.o(.ARM.exidx.text.init_PORTD), (8 bytes).
    Removing board.o(.ARM.exidx.text.init_PORTE), (8 bytes).
    Removing board.o(.ARM.exidx.text.init_PORTF), (8 bytes).
    Removing board.o(.ARM.exidx.text.delay_ms), (8 bytes).
    Removing board.o(.text.Lectura), (12 bytes).
    Removing board.o(.ARM.exidx.text.Lectura), (8 bytes).
    Removing main.o(.text), (0 bytes).
    Removing main.o(.ARM.exidx.text.Nokia5110_Init), (8 bytes).
    Removing main.o(.ARM.exidx.text.lcdwrite), (8 bytes).
    Removing main.o(.text.Nokia5110_OutChar), (86 bytes).
    Removing main.o(.ARM.exidx.text.Nokia5110_OutChar), (8 bytes).
    Removing main.o(.text.Nokia5110_OutString), (36 bytes).
    Removing main.o(.ARM.exidx.text.Nokia5110_OutString), (8 bytes).
    Removing main.o(.text.Nokia5110_OutUDec), (676 bytes).
    Removing main.o(.ARM.exidx.text.Nokia5110_OutUDec), (8 bytes).
    Removing main.o(.ARM.exidx.text.Nokia5110_SetCursor), (8 bytes).
    Removing main.o(.ARM.exidx.text.Nokia5110_Clear), (8 bytes).
    Removing main.o(.ARM.exidx.text.Nokia5110_DrawFullImage), (8 bytes).
    Removing main.o(.ARM.exidx.text.main), (8 bytes).
    Removing main.o(.rodata.ASCII), (480 bytes).
    Removing main.o(.rodata.str1.1), (12 bytes).
    Removing main.o(.rodata.Resistencia), (504 bytes).
    Removing main.o(.rodata.condensador), (504 bytes).
    Removing main.o(.rodata.a1), (504 bytes).
    Removing main.o(.rodata.a2), (504 bytes).
    Removing main.o(.rodata.a3), (504 bytes).
    Removing main.o(.rodata.a4), (504 bytes).
    Removing main.o(.rodata.a5), (504 bytes).
    Removing main.o(.rodata.a6), (504 bytes).
    Removing main.o(.rodata.a7), (504 bytes).
    Removing main.o(.rodata.a8), (504 bytes).
    Removing main.o(.rodata.b1), (504 bytes).
    Removing main.o(.rodata.b2), (504 bytes).
    Removing main.o(.rodata.b3), (504 bytes).
    Removing main.o(.rodata.b4), (504 bytes).
    Removing main.o(.rodata.b5), (504 bytes).
    Removing main.o(.rodata.b6), (504 bytes).
    Removing main.o(.rodata.b7), (504 bytes).
    Removing main.o(.rodata.b8), (504 bytes).
    Removing main.o(.ARM.use_no_argv), (4 bytes).
    Removing display.o(.text), (0 bytes).
    Removing display.o(.text.display), (176 bytes).
    Removing display.o(.ARM.exidx.text.display), (8 bytes).
    Removing display.o(.text.visualizacion), (352 bytes).
    Removing display.o(.ARM.exidx.text.visualizacion), (8 bytes).
    Removing startup_tm4c123.o(HEAP), (0 bytes).
    Removing system_tm4c123.o(.text), (0 bytes).
    Removing system_tm4c123.o(.text.SystemCoreClockUpdate), (326 bytes).
    Removing system_tm4c123.o(.ARM.exidx.text.SystemCoreClockUpdate), (8 bytes).
    Removing system_tm4c123.o(.text.getOscClk), (360 bytes).
    Removing system_tm4c123.o(.ARM.exidx.text.getOscClk), (8 bytes).
    Removing system_tm4c123.o(.ARM.exidx.text.SystemInit), (8 bytes).
    Removing system_tm4c123.o(.data.SystemCoreClock), (4 bytes).

56 unused section(s) (total 11764 bytes) removed from the image.

==============================================================================

Image Symbol Table

    Local Symbols

    Symbol Name                              Value     Ov Type        Size  Object(Section)

    ../clib/microlib/init/entry.s            0x00000000   Number         0  entry.o ABSOLUTE
    ../clib/microlib/init/entry.s            0x00000000   Number         0  entry2.o ABSOLUTE
    ../clib/microlib/init/entry.s            0x00000000   Number         0  entry5.o ABSOLUTE
    ../clib/microlib/init/entry.s            0x00000000   Number         0  entry7a.o ABSOLUTE
    ../clib/microlib/init/entry.s            0x00000000   Number         0  entry7b.o ABSOLUTE
    ../clib/microlib/init/entry.s            0x00000000   Number         0  entry8a.o ABSOLUTE
    ../clib/microlib/init/entry.s            0x00000000   Number         0  entry8b.o ABSOLUTE
    ../clib/microlib/init/entry.s            0x00000000   Number         0  entry9a.o ABSOLUTE
    ../clib/microlib/init/entry.s            0x00000000   Number         0  entry9b.o ABSOLUTE
    ../clib/microlib/init/entry.s            0x00000000   Number         0  entry10a.o ABSOLUTE
    ../clib/microlib/init/entry.s            0x00000000   Number         0  entry10b.o ABSOLUTE
    ../clib/microlib/init/entry.s            0x00000000   Number         0  entry11a.o ABSOLUTE
    ../clib/microlib/init/entry.s            0x00000000   Number         0  entry11b.o ABSOLUTE
    RTE/Device/TM4C123GH6PM/startup_TM4C123.s 0x00000000   Number         0  startup_tm4c123.o ABSOLUTE
    board.c                                  0x00000000   Number         0  board.o ABSOLUTE
    dc.s                                     0x00000000   Number         0  dc.o ABSOLUTE
    display.c                                0x00000000   Number         0  display.o ABSOLUTE
    handlers.s                               0x00000000   Number         0  handlers.o ABSOLUTE
    init.s                                   0x00000000   Number         0  init.o ABSOLUTE
    main.c                                   0x00000000   Number         0  main.o ABSOLUTE
    system_TM4C123.c                         0x00000000   Number         0  system_tm4c123.o ABSOLUTE
    RESET                                    0x00000000   Section      620  startup_tm4c123.o(RESET)
    .ARM.Collect$$$$00000000                 0x0000026c   Section        0  entry.o(.ARM.Collect$$$$00000000)
    .ARM.Collect$$$$00000001                 0x0000026c   Section        4  entry2.o(.ARM.Collect$$$$00000001)
    .ARM.Collect$$$$00000004                 0x00000270   Section        4  entry5.o(.ARM.Collect$$$$00000004)
    .ARM.Collect$$$$00000008                 0x00000274   Section        0  entry7b.o(.ARM.Collect$$$$00000008)
    .ARM.Collect$$$$0000000A                 0x00000274   Section        0  entry8b.o(.ARM.Collect$$$$0000000A)
    .ARM.Collect$$$$0000000B                 0x00000274   Section        8  entry9a.o(.ARM.Collect$$$$0000000B)
    __lit__00000000                          0x0000027c   Data           4  entry2.o(.ARM.Collect$$$$00002712)
    .ARM.Collect$$$$0000000D                 0x0000027c   Section        0  entry10a.o(.ARM.Collect$$$$0000000D)
    .ARM.Collect$$$$0000000F                 0x0000027c   Section        0  entry11a.o(.ARM.Collect$$$$0000000F)
    .ARM.Collect$$$$00002712                 0x0000027c   Section        4  entry2.o(.ARM.Collect$$$$00002712)
    $v0                                      0x00000280   Number         0  startup_tm4c123.o(.text)
    .text                                    0x00000280   Section      252  startup_tm4c123.o(.text)
    .text                                    0x0000037c   Section       36  init.o(.text)
    [Anonymous Symbol]                       0x000003a0   Section        0  main.o(.text.Nokia5110_Clear)
    [Anonymous Symbol]                       0x000003d4   Section        0  main.o(.text.Nokia5110_DrawFullImage)
    [Anonymous Symbol]                       0x00000410   Section        0  main.o(.text.Nokia5110_Init)
    [Anonymous Symbol]                       0x00000570   Section        0  main.o(.text.Nokia5110_SetCursor)
    [Anonymous Symbol]                       0x000005bc   Section        0  system_tm4c123.o(.text.SystemInit)
    [Anonymous Symbol]                       0x000006c8   Section        0  board.o(.text.board_init)
    [Anonymous Symbol]                       0x000006dc   Section        0  board.o(.text.delay_ms)
    [Anonymous Symbol]                       0x00000720   Section        0  board.o(.text.init_PORTB)
    [Anonymous Symbol]                       0x00000788   Section        0  board.o(.text.init_PORTD)
    [Anonymous Symbol]                       0x000007f4   Section        0  board.o(.text.init_PORTE)
    [Anonymous Symbol]                       0x00000870   Section        0  board.o(.text.init_PORTF)
    lcdwrite                                 0x000008ed   Thumb Code   144  main.o(.text.lcdwrite)
    [Anonymous Symbol]                       0x000008ec   Section        0  main.o(.text.lcdwrite)
    [Anonymous Symbol]                       0x0000097c   Section        0  main.o(.text.main)
    i.__scatterload_copy                     0x00000a74   Section       14  handlers.o(i.__scatterload_copy)
    i.__scatterload_null                     0x00000a82   Section        2  handlers.o(i.__scatterload_null)
    i.__scatterload_zeroinit                 0x00000a84   Section       14  handlers.o(i.__scatterload_zeroinit)
    STACK                                    0x20000000   Section      512  startup_tm4c123.o(STACK)

    Global Symbols

    Symbol Name                              Value     Ov Type        Size  Object(Section)

    BuildAttributes$$THM_ISAv4$E$P$D$K$B$S$7EM$VFPi3$EXTD16$VFPS$VFMA$PE$A:L22UL41UL21$X:L11$S22US41US21$IEEE1$IW$~IW$USESV6$~STKCKD$USESV7$~SHL$OSPACE$EBA8$MICROLIB$REQ8$PRES8$EABIv2 0x00000000   Number         0  anon$$obj.o ABSOLUTE
    __Vectors                                0x00000000   Data           4  startup_tm4c123.o(RESET)
    __cpp_initialize__aeabi_                  - Undefined Weak Reference
    __cxa_finalize                            - Undefined Weak Reference
    __decompress                              - Undefined Weak Reference
    _clock_init                               - Undefined Weak Reference
    _microlib_exit                            - Undefined Weak Reference
    __Vectors_End                            0x0000026c   Data           0  startup_tm4c123.o(RESET)
    __Vectors_Size                           0x0000026c   Number         0  startup_tm4c123.o ABSOLUTE
    __main                                   0x0000026d   Thumb Code     0  entry.o(.ARM.Collect$$$$00000000)
    _main_stk                                0x0000026d   Thumb Code     0  entry2.o(.ARM.Collect$$$$00000001)
    _main_scatterload                        0x00000271   Thumb Code     0  entry5.o(.ARM.Collect$$$$00000004)
    __main_after_scatterload                 0x00000275   Thumb Code     0  entry5.o(.ARM.Collect$$$$00000004)
    _main_clock                              0x00000275   Thumb Code     0  entry7b.o(.ARM.Collect$$$$00000008)
    _main_cpp_init                           0x00000275   Thumb Code     0  entry8b.o(.ARM.Collect$$$$0000000A)
    _main_init                               0x00000275   Thumb Code     0  entry9a.o(.ARM.Collect$$$$0000000B)
    __rt_final_cpp                           0x0000027d   Thumb Code     0  entry10a.o(.ARM.Collect$$$$0000000D)
    __rt_final_exit                          0x0000027d   Thumb Code     0  entry11a.o(.ARM.Collect$$$$0000000F)
    Reset_Handler                            0x00000281   Thumb Code     8  startup_tm4c123.o(.text)
    NMI_Handler                              0x00000289   Thumb Code     2  startup_tm4c123.o(.text)
    HardFault_Handler                        0x0000028b   Thumb Code     2  startup_tm4c123.o(.text)
    MemManage_Handler                        0x0000028d   Thumb Code     2  startup_tm4c123.o(.text)
    BusFault_Handler                         0x0000028f   Thumb Code     2  startup_tm4c123.o(.text)
    UsageFault_Handler                       0x00000291   Thumb Code     2  startup_tm4c123.o(.text)
    SVC_Handler                              0x00000293   Thumb Code     2  startup_tm4c123.o(.text)
    DebugMon_Handler                         0x00000295   Thumb Code     2  startup_tm4c123.o(.text)
    PendSV_Handler                           0x00000297   Thumb Code     2  startup_tm4c123.o(.text)
    SysTick_Handler                          0x00000299   Thumb Code     2  startup_tm4c123.o(.text)
    GPIOA_Handler                            0x0000029b   Thumb Code     2  startup_tm4c123.o(.text)
    GPIOB_Handler                            0x0000029d   Thumb Code     2  startup_tm4c123.o(.text)
    GPIOC_Handler                            0x0000029f   Thumb Code     2  startup_tm4c123.o(.text)
    GPIOD_Handler                            0x000002a1   Thumb Code     2  startup_tm4c123.o(.text)
    GPIOE_Handler                            0x000002a3   Thumb Code     2  startup_tm4c123.o(.text)
    UART0_Handler                            0x000002a5   Thumb Code     2  startup_tm4c123.o(.text)
    UART1_Handler                            0x000002a7   Thumb Code     2  startup_tm4c123.o(.text)
    SSI0_Handler                             0x000002a9   Thumb Code     2  startup_tm4c123.o(.text)
    I2C0_Handler                             0x000002ab   Thumb Code     2  startup_tm4c123.o(.text)
    PMW0_FAULT_Handler                       0x000002ad   Thumb Code     2  startup_tm4c123.o(.text)
    PWM0_0_Handler                           0x000002af   Thumb Code     2  startup_tm4c123.o(.text)
    PWM0_1_Handler                           0x000002b1   Thumb Code     2  startup_tm4c123.o(.text)
    PWM0_2_Handler                           0x000002b3   Thumb Code     2  startup_tm4c123.o(.text)
    QEI0_Handler                             0x000002b5   Thumb Code     2  startup_tm4c123.o(.text)
    ADC0SS0_Handler                          0x000002b7   Thumb Code     2  startup_tm4c123.o(.text)
    ADC0SS1_Handler                          0x000002b9   Thumb Code     2  startup_tm4c123.o(.text)
    ADC0SS2_Handler                          0x000002bb   Thumb Code     2  startup_tm4c123.o(.text)
    ADC0SS3_Handler                          0x000002bd   Thumb Code     2  startup_tm4c123.o(.text)
    WDT0_Handler                             0x000002bf   Thumb Code     2  startup_tm4c123.o(.text)
    TIMER0A_Handler                          0x000002c1   Thumb Code     2  startup_tm4c123.o(.text)
    TIMER0B_Handler                          0x000002c3   Thumb Code     2  startup_tm4c123.o(.text)
    TIMER1A_Handler                          0x000002c5   Thumb Code     2  startup_tm4c123.o(.text)
    TIMER1B_Handler                          0x000002c7   Thumb Code     2  startup_tm4c123.o(.text)
    TIMER2A_Handler                          0x000002c9   Thumb Code     2  startup_tm4c123.o(.text)
    TIMER2B_Handler                          0x000002cb   Thumb Code     2  startup_tm4c123.o(.text)
    COMP0_Handler                            0x000002cd   Thumb Code     2  startup_tm4c123.o(.text)
    COMP1_Handler                            0x000002cf   Thumb Code     2  startup_tm4c123.o(.text)
    COMP2_Handler                            0x000002d1   Thumb Code     2  startup_tm4c123.o(.text)
    SYSCTL_Handler                           0x000002d3   Thumb Code     2  startup_tm4c123.o(.text)
    FLASH_Handler                            0x000002d5   Thumb Code     2  startup_tm4c123.o(.text)
    GPIOF_Handler                            0x000002d7   Thumb Code     2  startup_tm4c123.o(.text)
    GPIOG_Handler                            0x000002d9   Thumb Code     2  startup_tm4c123.o(.text)
    GPIOH_Handler                            0x000002db   Thumb Code     2  startup_tm4c123.o(.text)
    UART2_Handler                            0x000002dd   Thumb Code     2  startup_tm4c123.o(.text)
    SSI1_Handler                             0x000002df   Thumb Code     2  startup_tm4c123.o(.text)
    TIMER3A_Handler                          0x000002e1   Thumb Code     2  startup_tm4c123.o(.text)
    TIMER3B_Handler                          0x000002e3   Thumb Code     2  startup_tm4c123.o(.text)
    I2C1_Handler                             0x000002e5   Thumb Code     2  startup_tm4c123.o(.text)
    QEI1_Handler                             0x000002e7   Thumb Code     2  startup_tm4c123.o(.text)
    CAN0_Handler                             0x000002e9   Thumb Code     2  startup_tm4c123.o(.text)
    CAN1_Handler                             0x000002eb   Thumb Code     2  startup_tm4c123.o(.text)
    CAN2_Handler                             0x000002ed   Thumb Code     2  startup_tm4c123.o(.text)
    HIB_Handler                              0x000002ef   Thumb Code     2  startup_tm4c123.o(.text)
    USB0_Handler                             0x000002f1   Thumb Code     2  startup_tm4c123.o(.text)
    PWM0_3_Handler                           0x000002f3   Thumb Code     2  startup_tm4c123.o(.text)
    UDMA_Handler                             0x000002f5   Thumb Code     2  startup_tm4c123.o(.text)
    UDMAERR_Handler                          0x000002f7   Thumb Code     2  startup_tm4c123.o(.text)
    ADC1SS0_Handler                          0x000002f9   Thumb Code     2  startup_tm4c123.o(.text)
    ADC1SS1_Handler                          0x000002fb   Thumb Code     2  startup_tm4c123.o(.text)
    ADC1SS2_Handler                          0x000002fd   Thumb Code     2  startup_tm4c123.o(.text)
    ADC1SS3_Handler                          0x000002ff   Thumb Code     2  startup_tm4c123.o(.text)
    GPIOJ_Handler                            0x00000301   Thumb Code     2  startup_tm4c123.o(.text)
    GPIOK_Handler                            0x00000303   Thumb Code     2  startup_tm4c123.o(.text)
    GPIOL_Handler                            0x00000305   Thumb Code     2  startup_tm4c123.o(.text)
    SSI2_Handler                             0x00000307   Thumb Code     2  startup_tm4c123.o(.text)
    SSI3_Handler                             0x00000309   Thumb Code     2  startup_tm4c123.o(.text)
    UART3_Handler                            0x0000030b   Thumb Code     2  startup_tm4c123.o(.text)
    UART4_Handler                            0x0000030d   Thumb Code     2  startup_tm4c123.o(.text)
    UART5_Handler                            0x0000030f   Thumb Code     2  startup_tm4c123.o(.text)
    UART6_Handler                            0x00000311   Thumb Code     2  startup_tm4c123.o(.text)
    UART7_Handler                            0x00000313   Thumb Code     2  startup_tm4c123.o(.text)
    I2C2_Handler                             0x00000315   Thumb Code     2  startup_tm4c123.o(.text)
    I2C3_Handler                             0x00000317   Thumb Code     2  startup_tm4c123.o(.text)
    TIMER4A_Handler                          0x00000319   Thumb Code     2  startup_tm4c123.o(.text)
    TIMER4B_Handler                          0x0000031b   Thumb Code     2  startup_tm4c123.o(.text)
    TIMER5A_Handler                          0x0000031d   Thumb Code     2  startup_tm4c123.o(.text)
    TIMER5B_Handler                          0x0000031f   Thumb Code     2  startup_tm4c123.o(.text)
    WTIMER0A_Handler                         0x00000321   Thumb Code     2  startup_tm4c123.o(.text)
    WTIMER0B_Handler                         0x00000323   Thumb Code     2  startup_tm4c123.o(.text)
    WTIMER1A_Handler                         0x00000325   Thumb Code     2  startup_tm4c123.o(.text)
    WTIMER1B_Handler                         0x00000327   Thumb Code     2  startup_tm4c123.o(.text)
    WTIMER2A_Handler                         0x00000329   Thumb Code     2  startup_tm4c123.o(.text)
    WTIMER2B_Handler                         0x0000032b   Thumb Code     2  startup_tm4c123.o(.text)
    WTIMER3A_Handler                         0x0000032d   Thumb Code     2  startup_tm4c123.o(.text)
    WTIMER3B_Handler                         0x0000032f   Thumb Code     2  startup_tm4c123.o(.text)
    WTIMER4A_Handler                         0x00000331   Thumb Code     2  startup_tm4c123.o(.text)
    WTIMER4B_Handler                         0x00000333   Thumb Code     2  startup_tm4c123.o(.text)
    WTIMER5A_Handler                         0x00000335   Thumb Code     2  startup_tm4c123.o(.text)
    WTIMER5B_Handler                         0x00000337   Thumb Code     2  startup_tm4c123.o(.text)
    FPU_Handler                              0x00000339   Thumb Code     2  startup_tm4c123.o(.text)
    I2C4_Handler                             0x0000033b   Thumb Code     2  startup_tm4c123.o(.text)
    I2C5_Handler                             0x0000033d   Thumb Code     2  startup_tm4c123.o(.text)
    GPIOM_Handler                            0x0000033f   Thumb Code     2  startup_tm4c123.o(.text)
    GPION_Handler                            0x00000341   Thumb Code     2  startup_tm4c123.o(.text)
    QEI2_Handler                             0x00000343   Thumb Code     2  startup_tm4c123.o(.text)
    GPIOP0_Handler                           0x00000345   Thumb Code     2  startup_tm4c123.o(.text)
    GPIOP1_Handler                           0x00000347   Thumb Code     2  startup_tm4c123.o(.text)
    GPIOP2_Handler                           0x00000349   Thumb Code     2  startup_tm4c123.o(.text)
    GPIOP3_Handler                           0x0000034b   Thumb Code     2  startup_tm4c123.o(.text)
    GPIOP4_Handler                           0x0000034d   Thumb Code     2  startup_tm4c123.o(.text)
    GPIOP5_Handler                           0x0000034f   Thumb Code     2  startup_tm4c123.o(.text)
    GPIOP6_Handler                           0x00000351   Thumb Code     2  startup_tm4c123.o(.text)
    GPIOP7_Handler                           0x00000353   Thumb Code     2  startup_tm4c123.o(.text)
    GPIOQ0_Handler                           0x00000355   Thumb Code     2  startup_tm4c123.o(.text)
    GPIOQ1_Handler                           0x00000357   Thumb Code     2  startup_tm4c123.o(.text)
    GPIOQ2_Handler                           0x00000359   Thumb Code     2  startup_tm4c123.o(.text)
    GPIOQ3_Handler                           0x0000035b   Thumb Code     2  startup_tm4c123.o(.text)
    GPIOQ4_Handler                           0x0000035d   Thumb Code     2  startup_tm4c123.o(.text)
    GPIOQ5_Handler                           0x0000035f   Thumb Code     2  startup_tm4c123.o(.text)
    GPIOQ6_Handler                           0x00000361   Thumb Code     2  startup_tm4c123.o(.text)
    GPIOQ7_Handler                           0x00000363   Thumb Code     2  startup_tm4c123.o(.text)
    GPIOR_Handler                            0x00000365   Thumb Code     2  startup_tm4c123.o(.text)
    GPIOS_Handler                            0x00000367   Thumb Code     2  startup_tm4c123.o(.text)
    PMW1_0_Handler                           0x00000369   Thumb Code     2  startup_tm4c123.o(.text)
    PWM1_1_Handler                           0x0000036b   Thumb Code     2  startup_tm4c123.o(.text)
    PWM1_2_Handler                           0x0000036d   Thumb Code     2  startup_tm4c123.o(.text)
    PWM1_3_Handler                           0x0000036f   Thumb Code     2  startup_tm4c123.o(.text)
    PWM1_FAULT_Handler                       0x00000371   Thumb Code     2  startup_tm4c123.o(.text)
    __scatterload                            0x0000037d   Thumb Code    28  init.o(.text)
    __scatterload_rt2                        0x0000037d   Thumb Code     0  init.o(.text)
    Nokia5110_Clear                          0x000003a1   Thumb Code    50  main.o(.text.Nokia5110_Clear)
    Nokia5110_DrawFullImage                  0x000003d5   Thumb Code    58  main.o(.text.Nokia5110_DrawFullImage)
    Nokia5110_Init                           0x00000411   Thumb Code   352  main.o(.text.Nokia5110_Init)
    Nokia5110_SetCursor                      0x00000571   Thumb Code    76  main.o(.text.Nokia5110_SetCursor)
    SystemInit                               0x000005bd   Thumb Code   268  system_tm4c123.o(.text.SystemInit)
    board_init                               0x000006c9   Thumb Code    20  board.o(.text.board_init)
    delay_ms                                 0x000006dd   Thumb Code    66  board.o(.text.delay_ms)
    init_PORTB                               0x00000721   Thumb Code   104  board.o(.text.init_PORTB)
    init_PORTD                               0x00000789   Thumb Code   106  board.o(.text.init_PORTD)
    init_PORTE                               0x000007f5   Thumb Code   124  board.o(.text.init_PORTE)
    init_PORTF                               0x00000871   Thumb Code   124  board.o(.text.init_PORTF)
    main                                     0x0000097d   Thumb Code   248  main.o(.text.main)
    __scatterload_copy                       0x00000a75   Thumb Code    14  handlers.o(i.__scatterload_copy)
    __scatterload_null                       0x00000a83   Thumb Code     2  handlers.o(i.__scatterload_null)
    __scatterload_zeroinit                   0x00000a85   Thumb Code    14  handlers.o(i.__scatterload_zeroinit)
    fantasma1                                0x00000a92   Data         504  main.o(.rodata.fantasma1)
    fantasma2                                0x00000c8a   Data         504  main.o(.rodata.fantasma2)
    gif1                                     0x00000e82   Data         504  main.o(.rodata.gif1)
    gif10                                    0x0000107a   Data         504  main.o(.rodata.gif10)
    gif2                                     0x00001272   Data         504  main.o(.rodata.gif2)
    gif3                                     0x0000146a   Data         504  main.o(.rodata.gif3)
    gif4                                     0x00001662   Data         504  main.o(.rodata.gif4)
    gif5                                     0x0000185a   Data         504  main.o(.rodata.gif5)
    gif6                                     0x00001a52   Data         504  main.o(.rodata.gif6)
    gif7                                     0x00001c4a   Data         504  main.o(.rodata.gif7)
    gif8                                     0x00001e42   Data         504  main.o(.rodata.gif8)
    gif9                                     0x0000203a   Data         504  main.o(.rodata.gif9)
    Region$$Table$$Base                      0x00002234   Number         0  anon$$obj.o(Region$$Table)
    Region$$Table$$Limit                     0x00002244   Number         0  anon$$obj.o(Region$$Table)
    __initial_sp                             0x20000200   Data           0  startup_tm4c123.o(STACK)



==============================================================================

Memory Map of the image

  Image Entry point : 0x00000281

  Load Region LR_1 (Base: 0x00000000, Size: 0x00002244, Max: 0xffffffff, ABSOLUTE)

    Execution Region ER_RO (Exec base: 0x00000000, Load base: 0x00000000, Size: 0x00002244, Max: 0xffffffff, ABSOLUTE)

    Exec Addr    Load Addr    Size         Type   Attr      Idx    E Section Name        Object

    0x00000000   0x00000000   0x0000026c   Data   RO           93    RESET               startup_tm4c123.o
    0x0000026c   0x0000026c   0x00000000   Code   RO          114  * .ARM.Collect$$$$00000000  mc_w.l(entry.o)
    0x0000026c   0x0000026c   0x00000004   Code   RO          117    .ARM.Collect$$$$00000001  mc_w.l(entry2.o)
    0x00000270   0x00000270   0x00000004   Code   RO          120    .ARM.Collect$$$$00000004  mc_w.l(entry5.o)
    0x00000274   0x00000274   0x00000000   Code   RO          122    .ARM.Collect$$$$00000008  mc_w.l(entry7b.o)
    0x00000274   0x00000274   0x00000000   Code   RO          124    .ARM.Collect$$$$0000000A  mc_w.l(entry8b.o)
    0x00000274   0x00000274   0x00000008   Code   RO          125    .ARM.Collect$$$$0000000B  mc_w.l(entry9a.o)
    0x0000027c   0x0000027c   0x00000000   Code   RO          127    .ARM.Collect$$$$0000000D  mc_w.l(entry10a.o)
    0x0000027c   0x0000027c   0x00000000   Code   RO          129    .ARM.Collect$$$$0000000F  mc_w.l(entry11a.o)
    0x0000027c   0x0000027c   0x00000004   Code   RO          118    .ARM.Collect$$$$00002712  mc_w.l(entry2.o)
    0x00000280   0x00000280   0x000000fc   Code   RO           94  * .text               startup_tm4c123.o
    0x0000037c   0x0000037c   0x00000024   Code   RO          131    .text               mc_w.l(init.o)
    0x000003a0   0x000003a0   0x00000032   Code   RO           35    .text.Nokia5110_Clear  main.o
    0x000003d2   0x000003d2   0x00000002   PAD
    0x000003d4   0x000003d4   0x0000003a   Code   RO           37    .text.Nokia5110_DrawFullImage  main.o
    0x0000040e   0x0000040e   0x00000002   PAD
    0x00000410   0x00000410   0x00000160   Code   RO           23    .text.Nokia5110_Init  main.o
    0x00000570   0x00000570   0x0000004c   Code   RO           33    .text.Nokia5110_SetCursor  main.o
    0x000005bc   0x000005bc   0x0000010c   Code   RO          105    .text.SystemInit    system_tm4c123.o
    0x000006c8   0x000006c8   0x00000014   Code   RO            2    .text.board_init    board.o
    0x000006dc   0x000006dc   0x00000042   Code   RO           12    .text.delay_ms      board.o
    0x0000071e   0x0000071e   0x00000002   PAD
    0x00000720   0x00000720   0x00000068   Code   RO            4    .text.init_PORTB    board.o
    0x00000788   0x00000788   0x0000006a   Code   RO            6    .text.init_PORTD    board.o
    0x000007f2   0x000007f2   0x00000002   PAD
    0x000007f4   0x000007f4   0x0000007c   Code   RO            8    .text.init_PORTE    board.o
    0x00000870   0x00000870   0x0000007c   Code   RO           10    .text.init_PORTF    board.o
    0x000008ec   0x000008ec   0x00000090   Code   RO           25    .text.lcdwrite      main.o
    0x0000097c   0x0000097c   0x000000f8   Code   RO           39    .text.main          main.o
    0x00000a74   0x00000a74   0x0000000e   Code   RO          135    i.__scatterload_copy  mc_w.l(handlers.o)
    0x00000a82   0x00000a82   0x00000002   Code   RO          136    i.__scatterload_null  mc_w.l(handlers.o)
    0x00000a84   0x00000a84   0x0000000e   Code   RO          137    i.__scatterload_zeroinit  mc_w.l(handlers.o)
    0x00000a92   0x00000a92   0x000001f8   Data   RO           71    .rodata.fantasma1   main.o
    0x00000c8a   0x00000c8a   0x000001f8   Data   RO           72    .rodata.fantasma2   main.o
    0x00000e82   0x00000e82   0x000001f8   Data   RO           61    .rodata.gif1        main.o
    0x0000107a   0x0000107a   0x000001f8   Data   RO           70    .rodata.gif10       main.o
    0x00001272   0x00001272   0x000001f8   Data   RO           62    .rodata.gif2        main.o
    0x0000146a   0x0000146a   0x000001f8   Data   RO           63    .rodata.gif3        main.o
    0x00001662   0x00001662   0x000001f8   Data   RO           64    .rodata.gif4        main.o
    0x0000185a   0x0000185a   0x000001f8   Data   RO           65    .rodata.gif5        main.o
    0x00001a52   0x00001a52   0x000001f8   Data   RO           66    .rodata.gif6        main.o
    0x00001c4a   0x00001c4a   0x000001f8   Data   RO           67    .rodata.gif7        main.o
    0x00001e42   0x00001e42   0x000001f8   Data   RO           68    .rodata.gif8        main.o
    0x0000203a   0x0000203a   0x000001f8   Data   RO           69    .rodata.gif9        main.o
    0x00002232   0x00002232   0x00000002   PAD
    0x00002234   0x00002234   0x00000010   Data   RO          134    Region$$Table       anon$$obj.o


    Execution Region ER_RW (Exec base: 0x20000000, Load base: 0x00002244, Size: 0x00000000, Max: 0xffffffff, ABSOLUTE)

    **** No section assigned to this execution region ****


    Execution Region ER_ZI (Exec base: 0x20000000, Load base: 0x00002244, Size: 0x00000200, Max: 0xffffffff, ABSOLUTE)

    Exec Addr    Load Addr    Size         Type   Attr      Idx    E Section Name        Object

    0x20000000        -       0x00000200   Zero   RW           91    STACK               startup_tm4c123.o


==============================================================================

Image component sizes


      Code (inc. data)   RO Data    RW Data    ZI Data      Debug   Object Name

       544          0          0          0          0       1251   board.o
       928          0       6048          0          0       3462   main.o
       252         10        620          0        512       5440   startup_tm4c123.o
       268          0          0          0          0       6719   system_tm4c123.o

    ----------------------------------------------------------------------
      2000         10       6686          0        512      16872   Object Totals
         0          0         16          0          0          0   (incl. Generated)
         8          0          2          0          0          0   (incl. Padding)

    ----------------------------------------------------------------------

      Code (inc. data)   RO Data    RW Data    ZI Data      Debug   Library Member Name

         0          0          0          0          0          0   entry.o
         0          0          0          0          0          0   entry10a.o
         0          0          0          0          0          0   entry11a.o
         8          4          0          0          0          0   entry2.o
         4          0          0          0          0          0   entry5.o
         0          0          0          0          0          0   entry7b.o
         0          0          0          0          0          0   entry8b.o
         8          4          0          0          0          0   entry9a.o
        30          0          0          0          0          0   handlers.o
        36          8          0          0          0         68   init.o

    ----------------------------------------------------------------------
        86         16          0          0          0         68   Library Totals
         0          0          0          0          0          0   (incl. Padding)

    ----------------------------------------------------------------------

      Code (inc. data)   RO Data    RW Data    ZI Data      Debug   Library Name

        86         16          0          0          0         68   mc_w.l

    ----------------------------------------------------------------------
        86         16          0          0          0         68   Library Totals

    ----------------------------------------------------------------------

==============================================================================


      Code (inc. data)   RO Data    RW Data    ZI Data      Debug   

      2086         26       6686          0        512      17104   Grand Totals
      2086         26       6686          0        512      17104   ELF Image Totals
      2086         26       6686          0          0          0   ROM Totals

==============================================================================

    Total RO  Size (Code + RO Data)                 8772 (   8.57kB)
    Total RW  Size (RW Data + ZI Data)               512 (   0.50kB)
    Total ROM Size (Code + RO Data + RW Data)       8772 (   8.57kB)

==============================================================================

