Component: Arm Compiler for Embedded 6.18 Tool: armlink [5e4cc100]

==============================================================================

Section Cross References

    startup_tm4c123.o(RESET) refers to startup_tm4c123.o(STACK) for __initial_sp
    startup_tm4c123.o(RESET) refers to startup_tm4c123.o(.text) for Reset_Handler
    startup_tm4c123.o(.text) refers to tareacontadorany.o(.text) for __main
    system_tm4c123.o(.text.SystemCoreClockUpdate) refers to system_tm4c123.o(.text.getOscClk) for getOscClk
    system_tm4c123.o(.text.SystemCoreClockUpdate) refers to system_tm4c123.o(.data.SystemCoreClock) for SystemCoreClock
    system_tm4c123.o(.ARM.exidx.text.SystemCoreClockUpdate) refers to system_tm4c123.o(.text.SystemCoreClockUpdate) for [Anonymous Symbol]
    system_tm4c123.o(.ARM.exidx.text.getOscClk) refers to system_tm4c123.o(.text.getOscClk) for [Anonymous Symbol]
    system_tm4c123.o(.ARM.exidx.text.SystemInit) refers to system_tm4c123.o(.text.SystemInit) for [Anonymous Symbol]


==============================================================================

Removing Unused input sections from the image.

    Removing startup_tm4c123.o(HEAP), (0 bytes).
    Removing system_tm4c123.o(.text), (0 bytes).
    Removing system_tm4c123.o(.text.SystemCoreClockUpdate), (326 bytes).
    Removing system_tm4c123.o(.ARM.exidx.text.SystemCoreClockUpdate), (8 bytes).
    Removing system_tm4c123.o(.text.getOscClk), (360 bytes).
    Removing system_tm4c123.o(.ARM.exidx.text.getOscClk), (8 bytes).
    Removing system_tm4c123.o(.text.SystemInit), (268 bytes).
    Removing system_tm4c123.o(.ARM.exidx.text.SystemInit), (8 bytes).
    Removing system_tm4c123.o(.data.SystemCoreClock), (4 bytes).

9 unused section(s) (total 982 bytes) removed from the image.

==============================================================================

Image Symbol Table

    Local Symbols

    Symbol Name                              Value     Ov Type        Size  Object(Section)

    RTE/Device/TM4C123GH6PM/startup_TM4C123.s 0x00000000   Number         0  startup_tm4c123.o ABSOLUTE
    system_TM4C123.c                         0x00000000   Number         0  system_tm4c123.o ABSOLUTE
    tareacontadorany.s                       0x00000000   Number         0  tareacontadorany.o ABSOLUTE
    tm4c123gh6pm.s                           0x00000000   Number         0  tm4c123gh6pm.o ABSOLUTE
    RESET                                    0x00000000   Section      620  startup_tm4c123.o(RESET)
    $v0                                      0x0000026c   Number         0  tareacontadorany.o(.text)
    .text                                    0x0000026c   Section     1116  tareacontadorany.o(.text)
    $v0                                      0x000006c8   Number         0  startup_tm4c123.o(.text)
    .text                                    0x000006c8   Section      240  startup_tm4c123.o(.text)
    STACK                                    0x20000000   Section      512  startup_tm4c123.o(STACK)

    Global Symbols

    Symbol Name                              Value     Ov Type        Size  Object(Section)

    BuildAttributes$$THM_ISAv4$E$P$D$K$B$S$7EM$VFPi3$EXTD16$VFPS$VFMA$PE$A:L22UL41UL21$X:L11$S22US41US21$IEEE1$IW$~IW$USESV6$~STKCKD$USESV7$~SHL$OSPACE$EBA8$MICROLIB$REQ8$PRES8$EABIv2 0x00000000   Number         0  anon$$obj.o ABSOLUTE
    __Vectors                                0x00000000   Data           4  startup_tm4c123.o(RESET)
    __Vectors_End                            0x0000026c   Data           0  startup_tm4c123.o(RESET)
    __Vectors_Size                           0x0000026c   Number         0  startup_tm4c123.o ABSOLUTE
    __main                                   0x0000026d   Thumb Code     0  tareacontadorany.o(.text)
    Reset_Handler                            0x000006c9   Thumb Code     4  startup_tm4c123.o(.text)
    NMI_Handler                              0x000006cd   Thumb Code     2  startup_tm4c123.o(.text)
    HardFault_Handler                        0x000006cf   Thumb Code     2  startup_tm4c123.o(.text)
    MemManage_Handler                        0x000006d1   Thumb Code     2  startup_tm4c123.o(.text)
    BusFault_Handler                         0x000006d3   Thumb Code     2  startup_tm4c123.o(.text)
    UsageFault_Handler                       0x000006d5   Thumb Code     2  startup_tm4c123.o(.text)
    SVC_Handler                              0x000006d7   Thumb Code     2  startup_tm4c123.o(.text)
    DebugMon_Handler                         0x000006d9   Thumb Code     2  startup_tm4c123.o(.text)
    PendSV_Handler                           0x000006db   Thumb Code     2  startup_tm4c123.o(.text)
    SysTick_Handler                          0x000006dd   Thumb Code     2  startup_tm4c123.o(.text)
    GPIOA_Handler                            0x000006df   Thumb Code     2  startup_tm4c123.o(.text)
    GPIOB_Handler                            0x000006e1   Thumb Code     2  startup_tm4c123.o(.text)
    GPIOC_Handler                            0x000006e3   Thumb Code     2  startup_tm4c123.o(.text)
    GPIOD_Handler                            0x000006e5   Thumb Code     2  startup_tm4c123.o(.text)
    GPIOE_Handler                            0x000006e7   Thumb Code     2  startup_tm4c123.o(.text)
    UART0_Handler                            0x000006e9   Thumb Code     2  startup_tm4c123.o(.text)
    UART1_Handler                            0x000006eb   Thumb Code     2  startup_tm4c123.o(.text)
    SSI0_Handler                             0x000006ed   Thumb Code     2  startup_tm4c123.o(.text)
    I2C0_Handler                             0x000006ef   Thumb Code     2  startup_tm4c123.o(.text)
    PMW0_FAULT_Handler                       0x000006f1   Thumb Code     2  startup_tm4c123.o(.text)
    PWM0_0_Handler                           0x000006f3   Thumb Code     2  startup_tm4c123.o(.text)
    PWM0_1_Handler                           0x000006f5   Thumb Code     2  startup_tm4c123.o(.text)
    PWM0_2_Handler                           0x000006f7   Thumb Code     2  startup_tm4c123.o(.text)
    QEI0_Handler                             0x000006f9   Thumb Code     2  startup_tm4c123.o(.text)
    ADC0SS0_Handler                          0x000006fb   Thumb Code     2  startup_tm4c123.o(.text)
    ADC0SS1_Handler                          0x000006fd   Thumb Code     2  startup_tm4c123.o(.text)
    ADC0SS2_Handler                          0x000006ff   Thumb Code     2  startup_tm4c123.o(.text)
    ADC0SS3_Handler                          0x00000701   Thumb Code     2  startup_tm4c123.o(.text)
    WDT0_Handler                             0x00000703   Thumb Code     2  startup_tm4c123.o(.text)
    TIMER0A_Handler                          0x00000705   Thumb Code     2  startup_tm4c123.o(.text)
    TIMER0B_Handler                          0x00000707   Thumb Code     2  startup_tm4c123.o(.text)
    TIMER1A_Handler                          0x00000709   Thumb Code     2  startup_tm4c123.o(.text)
    TIMER1B_Handler                          0x0000070b   Thumb Code     2  startup_tm4c123.o(.text)
    TIMER2A_Handler                          0x0000070d   Thumb Code     2  startup_tm4c123.o(.text)
    TIMER2B_Handler                          0x0000070f   Thumb Code     2  startup_tm4c123.o(.text)
    COMP0_Handler                            0x00000711   Thumb Code     2  startup_tm4c123.o(.text)
    COMP1_Handler                            0x00000713   Thumb Code     2  startup_tm4c123.o(.text)
    COMP2_Handler                            0x00000715   Thumb Code     2  startup_tm4c123.o(.text)
    SYSCTL_Handler                           0x00000717   Thumb Code     2  startup_tm4c123.o(.text)
    FLASH_Handler                            0x00000719   Thumb Code     2  startup_tm4c123.o(.text)
    GPIOF_Handler                            0x0000071b   Thumb Code     2  startup_tm4c123.o(.text)
    GPIOG_Handler                            0x0000071d   Thumb Code     2  startup_tm4c123.o(.text)
    GPIOH_Handler                            0x0000071f   Thumb Code     2  startup_tm4c123.o(.text)
    UART2_Handler                            0x00000721   Thumb Code     2  startup_tm4c123.o(.text)
    SSI1_Handler                             0x00000723   Thumb Code     2  startup_tm4c123.o(.text)
    TIMER3A_Handler                          0x00000725   Thumb Code     2  startup_tm4c123.o(.text)
    TIMER3B_Handler                          0x00000727   Thumb Code     2  startup_tm4c123.o(.text)
    I2C1_Handler                             0x00000729   Thumb Code     2  startup_tm4c123.o(.text)
    QEI1_Handler                             0x0000072b   Thumb Code     2  startup_tm4c123.o(.text)
    CAN0_Handler                             0x0000072d   Thumb Code     2  startup_tm4c123.o(.text)
    CAN1_Handler                             0x0000072f   Thumb Code     2  startup_tm4c123.o(.text)
    CAN2_Handler                             0x00000731   Thumb Code     2  startup_tm4c123.o(.text)
    HIB_Handler                              0x00000733   Thumb Code     2  startup_tm4c123.o(.text)
    USB0_Handler                             0x00000735   Thumb Code     2  startup_tm4c123.o(.text)
    PWM0_3_Handler                           0x00000737   Thumb Code     2  startup_tm4c123.o(.text)
    UDMA_Handler                             0x00000739   Thumb Code     2  startup_tm4c123.o(.text)
    UDMAERR_Handler                          0x0000073b   Thumb Code     2  startup_tm4c123.o(.text)
    ADC1SS0_Handler                          0x0000073d   Thumb Code     2  startup_tm4c123.o(.text)
    ADC1SS1_Handler                          0x0000073f   Thumb Code     2  startup_tm4c123.o(.text)
    ADC1SS2_Handler                          0x00000741   Thumb Code     2  startup_tm4c123.o(.text)
    ADC1SS3_Handler                          0x00000743   Thumb Code     2  startup_tm4c123.o(.text)
    GPIOJ_Handler                            0x00000745   Thumb Code     2  startup_tm4c123.o(.text)
    GPIOK_Handler                            0x00000747   Thumb Code     2  startup_tm4c123.o(.text)
    GPIOL_Handler                            0x00000749   Thumb Code     2  startup_tm4c123.o(.text)
    SSI2_Handler                             0x0000074b   Thumb Code     2  startup_tm4c123.o(.text)
    SSI3_Handler                             0x0000074d   Thumb Code     2  startup_tm4c123.o(.text)
    UART3_Handler                            0x0000074f   Thumb Code     2  startup_tm4c123.o(.text)
    UART4_Handler                            0x00000751   Thumb Code     2  startup_tm4c123.o(.text)
    UART5_Handler                            0x00000753   Thumb Code     2  startup_tm4c123.o(.text)
    UART6_Handler                            0x00000755   Thumb Code     2  startup_tm4c123.o(.text)
    UART7_Handler                            0x00000757   Thumb Code     2  startup_tm4c123.o(.text)
    I2C2_Handler                             0x00000759   Thumb Code     2  startup_tm4c123.o(.text)
    I2C3_Handler                             0x0000075b   Thumb Code     2  startup_tm4c123.o(.text)
    TIMER4A_Handler                          0x0000075d   Thumb Code     2  startup_tm4c123.o(.text)
    TIMER4B_Handler                          0x0000075f   Thumb Code     2  startup_tm4c123.o(.text)
    TIMER5A_Handler                          0x00000761   Thumb Code     2  startup_tm4c123.o(.text)
    TIMER5B_Handler                          0x00000763   Thumb Code     2  startup_tm4c123.o(.text)
    WTIMER0A_Handler                         0x00000765   Thumb Code     2  startup_tm4c123.o(.text)
    WTIMER0B_Handler                         0x00000767   Thumb Code     2  startup_tm4c123.o(.text)
    WTIMER1A_Handler                         0x00000769   Thumb Code     2  startup_tm4c123.o(.text)
    WTIMER1B_Handler                         0x0000076b   Thumb Code     2  startup_tm4c123.o(.text)
    WTIMER2A_Handler                         0x0000076d   Thumb Code     2  startup_tm4c123.o(.text)
    WTIMER2B_Handler                         0x0000076f   Thumb Code     2  startup_tm4c123.o(.text)
    WTIMER3A_Handler                         0x00000771   Thumb Code     2  startup_tm4c123.o(.text)
    WTIMER3B_Handler                         0x00000773   Thumb Code     2  startup_tm4c123.o(.text)
    WTIMER4A_Handler                         0x00000775   Thumb Code     2  startup_tm4c123.o(.text)
    WTIMER4B_Handler                         0x00000777   Thumb Code     2  startup_tm4c123.o(.text)
    WTIMER5A_Handler                         0x00000779   Thumb Code     2  startup_tm4c123.o(.text)
    WTIMER5B_Handler                         0x0000077b   Thumb Code     2  startup_tm4c123.o(.text)
    FPU_Handler                              0x0000077d   Thumb Code     2  startup_tm4c123.o(.text)
    I2C4_Handler                             0x0000077f   Thumb Code     2  startup_tm4c123.o(.text)
    I2C5_Handler                             0x00000781   Thumb Code     2  startup_tm4c123.o(.text)
    GPIOM_Handler                            0x00000783   Thumb Code     2  startup_tm4c123.o(.text)
    GPION_Handler                            0x00000785   Thumb Code     2  startup_tm4c123.o(.text)
    QEI2_Handler                             0x00000787   Thumb Code     2  startup_tm4c123.o(.text)
    GPIOP0_Handler                           0x00000789   Thumb Code     2  startup_tm4c123.o(.text)
    GPIOP1_Handler                           0x0000078b   Thumb Code     2  startup_tm4c123.o(.text)
    GPIOP2_Handler                           0x0000078d   Thumb Code     2  startup_tm4c123.o(.text)
    GPIOP3_Handler                           0x0000078f   Thumb Code     2  startup_tm4c123.o(.text)
    GPIOP4_Handler                           0x00000791   Thumb Code     2  startup_tm4c123.o(.text)
    GPIOP5_Handler                           0x00000793   Thumb Code     2  startup_tm4c123.o(.text)
    GPIOP6_Handler                           0x00000795   Thumb Code     2  startup_tm4c123.o(.text)
    GPIOP7_Handler                           0x00000797   Thumb Code     2  startup_tm4c123.o(.text)
    GPIOQ0_Handler                           0x00000799   Thumb Code     2  startup_tm4c123.o(.text)
    GPIOQ1_Handler                           0x0000079b   Thumb Code     2  startup_tm4c123.o(.text)
    GPIOQ2_Handler                           0x0000079d   Thumb Code     2  startup_tm4c123.o(.text)
    GPIOQ3_Handler                           0x0000079f   Thumb Code     2  startup_tm4c123.o(.text)
    GPIOQ4_Handler                           0x000007a1   Thumb Code     2  startup_tm4c123.o(.text)
    GPIOQ5_Handler                           0x000007a3   Thumb Code     2  startup_tm4c123.o(.text)
    GPIOQ6_Handler                           0x000007a5   Thumb Code     2  startup_tm4c123.o(.text)
    GPIOQ7_Handler                           0x000007a7   Thumb Code     2  startup_tm4c123.o(.text)
    GPIOR_Handler                            0x000007a9   Thumb Code     2  startup_tm4c123.o(.text)
    GPIOS_Handler                            0x000007ab   Thumb Code     2  startup_tm4c123.o(.text)
    PMW1_0_Handler                           0x000007ad   Thumb Code     2  startup_tm4c123.o(.text)
    PWM1_1_Handler                           0x000007af   Thumb Code     2  startup_tm4c123.o(.text)
    PWM1_2_Handler                           0x000007b1   Thumb Code     2  startup_tm4c123.o(.text)
    PWM1_3_Handler                           0x000007b3   Thumb Code     2  startup_tm4c123.o(.text)
    PWM1_FAULT_Handler                       0x000007b5   Thumb Code     2  startup_tm4c123.o(.text)
    __initial_sp                             0x20000200   Data           0  startup_tm4c123.o(STACK)



==============================================================================

Memory Map of the image

  Image Entry point : 0x000006c9

  Load Region LR_1 (Base: 0x00000000, Size: 0x000007b8, Max: 0xffffffff, ABSOLUTE)

    Execution Region ER_RO (Exec base: 0x00000000, Load base: 0x00000000, Size: 0x000007b8, Max: 0xffffffff, ABSOLUTE)

    Exec Addr    Load Addr    Size         Type   Attr      Idx    E Section Name        Object

    0x00000000   0x00000000   0x0000026c   Data   RO            8    RESET               startup_tm4c123.o
    0x0000026c   0x0000026c   0x0000045c   Code   RO            1    .text               tareacontadorany.o
    0x000006c8   0x000006c8   0x000000f0   Code   RO            9  * .text               startup_tm4c123.o


    Execution Region ER_RW (Exec base: 0x20000000, Load base: 0x000007b8, Size: 0x00000000, Max: 0xffffffff, ABSOLUTE)

    **** No section assigned to this execution region ****


    Execution Region ER_ZI (Exec base: 0x20000000, Load base: 0x000007b8, Size: 0x00000200, Max: 0xffffffff, ABSOLUTE)

    Exec Addr    Load Addr    Size         Type   Attr      Idx    E Section Name        Object

    0x20000000        -       0x00000200   Zero   RW            6    STACK               startup_tm4c123.o


==============================================================================

Image component sizes


      Code (inc. data)   RO Data    RW Data    ZI Data      Debug   Object Name

       240          2        620          0        512       5400   startup_tm4c123.o
      1116        118          0          0          0        604   tareacontadorany.o

    ----------------------------------------------------------------------
      1356        120        620          0        512       6004   Object Totals
         0          0          0          0          0          0   (incl. Generated)
         0          0          0          0          0          0   (incl. Padding)

    ----------------------------------------------------------------------
         0          0          0          0          0          0   Library Totals
         0          0          0          0          0          0   (incl. Padding)

    ----------------------------------------------------------------------

==============================================================================


      Code (inc. data)   RO Data    RW Data    ZI Data      Debug   

      1356        120        620          0        512       6004   Grand Totals
      1356        120        620          0        512       6004   ELF Image Totals
      1356        120        620          0          0          0   ROM Totals

==============================================================================

    Total RO  Size (Code + RO Data)                 1976 (   1.93kB)
    Total RW  Size (RW Data + ZI Data)               512 (   0.50kB)
    Total ROM Size (Code + RO Data + RW Data)       1976 (   1.93kB)

==============================================================================

