Component: Arm Compiler for Embedded 6.18 Tool: armlink [5e4cc100]

==============================================================================

Section Cross References

    board.o(.text.board_init) refers to board.o(.text.init_PORTD) for init_PORTD
    board.o(.text.board_init) refers to board.o(.text.init_PORTC) for init_PORTC
    board.o(.ARM.exidx.text.board_init) refers to board.o(.text.board_init) for [Anonymous Symbol]
    board.o(.ARM.exidx.text.init_PORTD) refers to board.o(.text.init_PORTD) for [Anonymous Symbol]
    board.o(.ARM.exidx.text.init_PORTC) refers to board.o(.text.init_PORTC) for [Anonymous Symbol]
    board.o(.ARM.exidx.text.init_PORTB) refers to board.o(.text.init_PORTB) for [Anonymous Symbol]
    board.o(.ARM.exidx.text.init_PORTE) refers to board.o(.text.init_PORTE) for [Anonymous Symbol]
    board.o(.ARM.exidx.text.init_PORTF) refers to board.o(.text.init_PORTF) for [Anonymous Symbol]
    board.o(.ARM.exidx.text.Lectura) refers to board.o(.text.Lectura) for [Anonymous Symbol]
    main.o(.ARM.exidx.text.PLL_Init) refers to main.o(.text.PLL_Init) for [Anonymous Symbol]
    main.o(.text.Nokia5110_Init) refers to main.o(.text.lcdwrite) for lcdwrite
    main.o(.ARM.exidx.text.Nokia5110_Init) refers to main.o(.text.Nokia5110_Init) for [Anonymous Symbol]
    main.o(.ARM.exidx.text.lcdwrite) refers to main.o(.text.lcdwrite) for [Anonymous Symbol]
    main.o(.text.Nokia5110_OutChar) refers to main.o(.text.lcdwrite) for lcdwrite
    main.o(.text.Nokia5110_OutChar) refers to main.o(.rodata.ASCII) for ASCII
    main.o(.ARM.exidx.text.Nokia5110_OutChar) refers to main.o(.text.Nokia5110_OutChar) for [Anonymous Symbol]
    main.o(.text.Nokia5110_OutString) refers to main.o(.text.Nokia5110_OutChar) for Nokia5110_OutChar
    main.o(.ARM.exidx.text.Nokia5110_OutString) refers to main.o(.text.Nokia5110_OutString) for [Anonymous Symbol]
    main.o(.text.Nokia5110_OutUDec) refers to main.o(.rodata.str1.1) for .L.str
    main.o(.text.Nokia5110_OutUDec) refers to main.o(.text.Nokia5110_OutString) for Nokia5110_OutString
    main.o(.text.Nokia5110_OutUDec) refers to main.o(.text.Nokia5110_OutChar) for Nokia5110_OutChar
    main.o(.ARM.exidx.text.Nokia5110_OutUDec) refers to main.o(.text.Nokia5110_OutUDec) for [Anonymous Symbol]
    main.o(.text.Nokia5110_SetCursor) refers to main.o(.text.lcdwrite) for lcdwrite
    main.o(.ARM.exidx.text.Nokia5110_SetCursor) refers to main.o(.text.Nokia5110_SetCursor) for [Anonymous Symbol]
    main.o(.text.Nokia5110_Clear) refers to main.o(.text.lcdwrite) for lcdwrite
    main.o(.text.Nokia5110_Clear) refers to main.o(.text.Nokia5110_SetCursor) for Nokia5110_SetCursor
    main.o(.ARM.exidx.text.Nokia5110_Clear) refers to main.o(.text.Nokia5110_Clear) for [Anonymous Symbol]
    main.o(.text.Nokia5110_DrawFullImage) refers to main.o(.text.Nokia5110_SetCursor) for Nokia5110_SetCursor
    main.o(.text.Nokia5110_DrawFullImage) refers to main.o(.text.lcdwrite) for lcdwrite
    main.o(.ARM.exidx.text.Nokia5110_DrawFullImage) refers to main.o(.text.Nokia5110_DrawFullImage) for [Anonymous Symbol]
    main.o(.text.main) refers to board.o(.text.board_init) for board_init
    main.o(.text.main) refers to main.o(.text.Nokia5110_Init) for Nokia5110_Init
    main.o(.text.main) refers to main.o(.text.Nokia5110_Clear) for Nokia5110_Clear
    main.o(.text.main) refers to main.o(.rodata.str1.1) for .L.str.3
    main.o(.text.main) refers to main.o(.text.Nokia5110_OutString) for Nokia5110_OutString
    main.o(.text.main) refers to pwm.o(.text.PWM0A_Init) for PWM0A_Init
    main.o(.text.main) refers to pwm.o(.text.PWM0B_Init) for PWM0B_Init
    main.o(.text.main) refers to teclado.o(.text.Lectura_tcl) for Lectura_tcl
    main.o(.text.main) refers to teclado.o(.text.teclado_4x4) for teclado_4x4
    main.o(.text.main) refers to main.o(.text.Nokia5110_SetCursor) for Nokia5110_SetCursor
    main.o(.text.main) refers to sprintf.o(.text) for sprintf
    main.o(.text.main) refers to pow.o(i.__hardfp_pow) for __hardfp_pow
    main.o(.text.main) refers to dmul.o(x$fpl$dmul) for __aeabi_dmul
    main.o(.text.main) refers to dflt_clz.o(x$fpl$dflt) for __aeabi_i2d
    main.o(.text.main) refers to dfix.o(x$fpl$dfix) for __aeabi_d2iz
    main.o(.text.main) refers to main.o(.text.delay_ms) for delay_ms
    main.o(.ARM.exidx.text.main) refers to main.o(.text.main) for [Anonymous Symbol]
    main.o(.ARM.exidx.text.delay_ms) refers to main.o(.text.delay_ms) for [Anonymous Symbol]
    pwm.o(.ARM.exidx.text.PWM0A_Init) refers to pwm.o(.text.PWM0A_Init) for [Anonymous Symbol]
    pwm.o(.ARM.exidx.text.PWM0A_Duty) refers to pwm.o(.text.PWM0A_Duty) for [Anonymous Symbol]
    pwm.o(.ARM.exidx.text.PWM0B_Init) refers to pwm.o(.text.PWM0B_Init) for [Anonymous Symbol]
    pwm.o(.ARM.exidx.text.PWM0B_Duty) refers to pwm.o(.text.PWM0B_Duty) for [Anonymous Symbol]
    teclado.o(.ARM.exidx.text.Lenc) refers to teclado.o(.text.Lenc) for [Anonymous Symbol]
[...]
    .ARM.Collect$$libinit$$00000001          0x00000356   Section        4  libinit2.o(.ARM.Collect$$libinit$$00000001)
    .ARM.Collect$$libinit$$00000004          0x0000035a   Section        0  libinit2.o(.ARM.Collect$$libinit$$00000004)
    .ARM.Collect$$libinit$$00000006          0x0000035a   Section        0  libinit2.o(.ARM.Collect$$libinit$$00000006)
    .ARM.Collect$$libinit$$0000000C          0x0000035a   Section        0  libinit2.o(.ARM.Collect$$libinit$$0000000C)
    .ARM.Collect$$libinit$$0000000E          0x0000035a   Section        0  libinit2.o(.ARM.Collect$$libinit$$0000000E)
    .ARM.Collect$$libinit$$00000010          0x0000035a   Section        0  libinit2.o(.ARM.Collect$$libinit$$00000010)
    .ARM.Collect$$libinit$$00000011          0x0000035a   Section        6  libinit2.o(.ARM.Collect$$libinit$$00000011)
    .ARM.Collect$$libinit$$00000013          0x00000360   Section        0  libinit2.o(.ARM.Collect$$libinit$$00000013)
    .ARM.Collect$$libinit$$00000014          0x00000360   Section       12  libinit2.o(.ARM.Collect$$libinit$$00000014)
    .ARM.Collect$$libinit$$00000015          0x0000036c   Section        0  libinit2.o(.ARM.Collect$$libinit$$00000015)
    .ARM.Collect$$libinit$$00000017          0x0000036c   Section        0  libinit2.o(.ARM.Collect$$libinit$$00000017)
    .ARM.Collect$$libinit$$00000018          0x0000036c   Section       10  libinit2.o(.ARM.Collect$$libinit$$00000018)
    .ARM.Collect$$libinit$$00000019          0x00000376   Section        0  libinit2.o(.ARM.Collect$$libinit$$00000019)
    .ARM.Collect$$libinit$$0000001B          0x00000376   Section        0  libinit2.o(.ARM.Collect$$libinit$$0000001B)
    .ARM.Collect$$libinit$$0000001D          0x00000376   Section        0  libinit2.o(.ARM.Collect$$libinit$$0000001D)
    .ARM.Collect$$libinit$$0000001F          0x00000376   Section        0  libinit2.o(.ARM.Collect$$libinit$$0000001F)
    .ARM.Collect$$libinit$$00000021          0x00000376   Section        0  libinit2.o(.ARM.Collect$$libinit$$00000021)
    .ARM.Collect$$libinit$$00000023          0x00000376   Section        0  libinit2.o(.ARM.Collect$$libinit$$00000023)
    .ARM.Collect$$libinit$$00000025          0x00000376   Section        0  libinit2.o(.ARM.Collect$$libinit$$00000025)
    .ARM.Collect$$libinit$$00000027          0x00000376   Section        0  libinit2.o(.ARM.Collect$$libinit$$00000027)
    .ARM.Collect$$libinit$$0000002E          0x00000376   Section        0  libinit2.o(.ARM.Collect$$libinit$$0000002E)
    .ARM.Collect$$libinit$$00000030          0x00000376   Section        0  libinit2.o(.ARM.Collect$$libinit$$00000030)
    .ARM.Collect$$libinit$$00000032          0x00000376   Section        0  libinit2.o(.ARM.Collect$$libinit$$00000032)
    .ARM.Collect$$libinit$$00000034          0x00000376   Section        0  libinit2.o(.ARM.Collect$$libinit$$00000034)
    .ARM.Collect$$libinit$$00000035          0x00000376   Section        2  libinit2.o(.ARM.Collect$$libinit$$00000035)
    .ARM.Collect$$libshutdown$$00000000      0x00000378   Section        2  libshutdown.o(.ARM.Collect$$libshutdown$$00000000)
    .ARM.Collect$$libshutdown$$00000002      0x0000037a   Section        0  libshutdown2.o(.ARM.Collect$$libshutdown$$00000002)
    .ARM.Collect$$libshutdown$$00000004      0x0000037a   Section        0  libshutdown2.o(.ARM.Collect$$libshutdown$$00000004)
    .ARM.Collect$$libshutdown$$00000007      0x0000037a   Section        0  libshutdown2.o(.ARM.Collect$$libshutdown$$00000007)
    .ARM.Collect$$libshutdown$$0000000A      0x0000037a   Section        0  libshutdown2.o(.ARM.Collect$$libshutdown$$0000000A)
    .ARM.Collect$$libshutdown$$0000000C      0x0000037a   Section        0  libshutdown2.o(.ARM.Collect$$libshutdown$$0000000C)
    .ARM.Collect$$libshutdown$$0000000F      0x0000037a   Section        0  libshutdown2.o(.ARM.Collect$$libshutdown$$0000000F)
    .ARM.Collect$$libshutdown$$00000010      0x0000037a   Section        2  libshutdown2.o(.ARM.Collect$$libshutdown$$00000010)
    .ARM.Collect$$rtentry$$00000000          0x0000037c   Section        0  __rtentry.o(.ARM.Collect$$rtentry$$00000000)
    .ARM.Collect$$rtentry$$00000002          0x0000037c   Section        0  __rtentry2.o(.ARM.Collect$$rtentry$$00000002)
    .ARM.Collect$$rtentry$$00000004          0x0000037c   Section        6  __rtentry4.o(.ARM.Collect$$rtentry$$00000004)
    .ARM.Collect$$rtentry$$00000009          0x00000382   Section        0  __rtentry2.o(.ARM.Collect$$rtentry$$00000009)
    .ARM.Collect$$rtentry$$0000000A          0x00000382   Section        4  __rtentry2.o(.ARM.Collect$$rtentry$$0000000A)
    .ARM.Collect$$rtentry$$0000000C          0x00000386   Section        0  __rtentry2.o(.ARM.Collect$$rtentry$$0000000C)
    .ARM.Collect$$rtentry$$0000000D          0x00000386   Section        8  __rtentry2.o(.ARM.Collect$$rtentry$$0000000D)
    .ARM.Collect$$rtexit$$00000000           0x0000038e   Section        2  rtexit.o(.ARM.Collect$$rtexit$$00000000)
    .ARM.Collect$$rtexit$$00000002           0x00000390   Section        0  rtexit2.o(.ARM.Collect$$rtexit$$00000002)
    .ARM.Collect$$rtexit$$00000003           0x00000390   Section        4  rtexit2.o(.ARM.Collect$$rtexit$$00000003)
    .ARM.Collect$$rtexit$$00000004           0x00000394   Section        6  rtexit2.o(.ARM.Collect$$rtexit$$00000004)
    $v0                                      0x0000039c   Number         0  startup_tm4c123.o(.text)
    .text                                    0x0000039c   Section      276  startup_tm4c123.o(.text)
    .text                                    0x000004b0   Section        0  sprintf.o(.text)
    .text                                    0x000004dc   Section        0  heapauxi.o(.text)
    .text                                    0x000004e2   Section        0  _rserrno.o(.text)
    .text                                    0x000004f8   Section        0  _printf_pad.o(.text)
    .text                                    0x00000546   Section        0  _printf_truncate.o(.text)
    .text                                    0x0000056a   Section        0  _printf_str.o(.text)
    .text                                    0x000005bc   Section        0  _printf_dec.o(.text)
    .text                                    0x00000634   Section        0  _printf_charcount.o(.text)
    _printf_input_char                       0x0000065d   Thumb Code    10  _printf_char_common.o(.text)
    .text                                    0x0000065c   Section        0  _printf_char_common.o(.text)
    .text                                    0x0000068c   Section        0  _sputc.o(.text)
    .text                                    0x00000698   Section        0  _printf_wctomb.o(.text)
    .text                                    0x00000754   Section        0  _printf_longlong_dec.o(.text)
    _printf_longlong_oct_internal            0x000007d1   Thumb Code     0  _printf_oct_int_ll.o(.text)
    .text                                    0x000007d0   Section        0  _printf_oct_int_ll.o(.text)
    _printf_hex_common                       0x00000841   Thumb Code     0  _printf_hex_int_ll_ptr.o(.text)
    .text                                    0x00000840   Section        0  _printf_hex_int_ll_ptr.o(.text)
    .text                                    0x000008d4   Section        0  __printf_flags_ss_wp.o(.text)
    .text                                    0x00000a5c   Section        8  rt_errno_addr_intlibspace.o(.text)
    .text                                    0x00000a64   Section      138  lludiv10.o(.text)
    .text                                    0x00000aee   Section        0  _printf_intcommon.o(.text)
    _fp_digits                               0x00000ba1   Thumb Code   432  _printf_fp_dec.o(.text)
    .text                                    0x00000ba0   Section        0  _printf_fp_dec.o(.text)
    .text                                    0x00000fbc   Section        0  _printf_fp_hex.o(.text)
    .text                                    0x000012b8   Section        0  _printf_char.o(.text)
    .text                                    0x000012e4   Section        0  _printf_wchar.o(.text)
    .text                                    0x00001310   Section        0  _c16rtomb.o(.text)
    .text                                    0x00001358   Section        8  libspace.o(.text)
    .text                                    0x00001360   Section       74  sys_stackheap_outer.o(.text)
    .text                                    0x000013ac   Section       16  rt_ctype_table.o(.text)
    .text                                    0x000013bc   Section        8  rt_locale_intlibspace.o(.text)
    .text                                    0x000013c4   Section        0  _printf_fp_infnan.o(.text)
    .text                                    0x00001444   Section        0  bigflt0.o(.text)
    .text                                    0x00001528   Section        0  exit.o(.text)
    .text                                    0x00001540   Section      124  strcmpv7em.o(.text)
    .text                                    0x000015bc   Section        0  sys_exit.o(.text)
    .text                                    0x000015c8   Section        2  use_no_semi.o(.text)
    .text                                    0x000015ca   Section        0  indicate_semi.o(.text)
    [Anonymous Symbol]                       0x000015cc   Section        0  teclado.o(.text.Lectura_tcl)
    [Anonymous Symbol]                       0x000015e0   Section        0  teclado.o(.text.Lenc)
    [Anonymous Symbol]                       0x000015fc   Section        0  main.o(.text.Nokia5110_Clear)
    [Anonymous Symbol]                       0x00001630   Section        0  main.o(.text.Nokia5110_Init)
    [Anonymous Symbol]                       0x00001790   Section        0  main.o(.text.Nokia5110_OutChar)
    [Anonymous Symbol]                       0x000017e8   Section        0  main.o(.text.Nokia5110_OutString)
    [Anonymous Symbol]                       0x0000180c   Section        0  main.o(.text.Nokia5110_SetCursor)
    [Anonymous Symbol]                       0x00001858   Section        0  pwm.o(.text.PWM0A_Init)
    [Anonymous Symbol]                       0x00001964   Section        0  pwm.o(.text.PWM0B_Init)
    [Anonymous Symbol]                       0x00001a78   Section        0  system_tm4c123.o(.text.SystemInit)
    [Anonymous Symbol]                       0x00001a8c   Section        0  board.o(.text.board_init)
    [Anonymous Symbol]                       0x00001a98   Section        0  main.o(.text.delay_ms)
    [Anonymous Symbol]                       0x00001ad8   Section        0  board.o(.text.init_PORTC)
    [Anonymous Symbol]                       0x00001b50   Section        0  board.o(.text.init_PORTD)
    lcdwrite                                 0x00001bcd   Thumb Code   144  main.o(.text.lcdwrite)
    [Anonymous Symbol]                       0x00001bcc   Section        0  main.o(.text.lcdwrite)
    [Anonymous Symbol]                       0x00001c60   Section        0  main.o(.text.main)
    [Anonymous Symbol]                       0x00001e50   Section        0  teclado.o(.text.teclado_4x4)
    [Anonymous Symbol]                       0x00002150   Section        0  teclado.o(.text.valor)
    CL$$btod_d2e                             0x000022a2   Section       62  btod.o(CL$$btod_d2e)
    CL$$btod_d2e_denorm_low                  0x000022e0   Section       70  btod.o(CL$$btod_d2e_denorm_low)
    CL$$btod_d2e_norm_op1                    0x00002326   Section       96  btod.o(CL$$btod_d2e_norm_op1)
    CL$$btod_div_common                      0x00002388   Section      824  btod.o(CL$$btod_div_common)
    CL$$btod_e2e                             0x000026c0   Section      220  btod.o(CL$$btod_e2e)
    CL$$btod_ediv                            0x0000279c   Section       42  btod.o(CL$$btod_ediv)
    CL$$btod_emul                            0x000027c6   Section       42  btod.o(CL$$btod_emul)
    CL$$btod_mult_common                     0x000027f0   Section      580  btod.o(CL$$btod_mult_common)
    i.__ARM_fpclassify                       0x00002a34   Section        0  fpclassify.o(i.__ARM_fpclassify)
    i.__hardfp_pow                           0x00002a68   Section        0  pow.o(i.__hardfp_pow)
    i.__kernel_poly                          0x000036c8   Section        0  poly.o(i.__kernel_poly)
    i.__mathlib_dbl_divzero                  0x000037c0   Section        0  dunder.o(i.__mathlib_dbl_divzero)
    i.__mathlib_dbl_infnan2                  0x000037f0   Section        0  dunder.o(i.__mathlib_dbl_infnan2)
    i.__mathlib_dbl_invalid                  0x00003808   Section        0  dunder.o(i.__mathlib_dbl_invalid)
    i.__mathlib_dbl_overflow                 0x00003828   Section        0  dunder.o(i.__mathlib_dbl_overflow)
    i.__mathlib_dbl_underflow                0x00003848   Section        0  dunder.o(i.__mathlib_dbl_underflow)
    i._is_digit                              0x00003868   Section        0  __printf_wp.o(i._is_digit)
    i.fabs                                   0x00003876   Section        0  fabs.o(i.fabs)
    i.sqrt                                   0x0000388e   Section        0  sqrt.o(i.sqrt)
    locale$$code                             0x000038fc   Section       44  lc_numeric_c.o(locale$$code)
    locale$$code                             0x00003928   Section       44  lc_ctype_c.o(locale$$code)
    $v0                                      0x00003954   Number         0  basic.o(x$fpl$basic)
    x$fpl$basic                              0x00003954   Section       24  basic.o(x$fpl$basic)
    $v0                                      0x0000396c   Number         0  daddsub_clz.o(x$fpl$dadd)
    x$fpl$dadd                               0x0000396c   Section      336  daddsub_clz.o(x$fpl$dadd)
    _dadd1                                   0x0000397d   Thumb Code     0  daddsub_clz.o(x$fpl$dadd)
    $v0                                      0x00003abc   Number         0  dcheck1.o(x$fpl$dcheck1)
    x$fpl$dcheck1                            0x00003abc   Section       16  dcheck1.o(x$fpl$dcheck1)
    $v0                                      0x00003acc   Number         0  dcmpi.o(x$fpl$dcmpinf)
    x$fpl$dcmpinf                            0x00003acc   Section       24  dcmpi.o(x$fpl$dcmpinf)
    $v0                                      0x00003ae4   Number         0  ddiv.o(x$fpl$ddiv)
    x$fpl$ddiv                               0x00003ae4   Section      692  ddiv.o(x$fpl$ddiv)
    ddiv_entry                               0x00003aeb   Thumb Code     0  ddiv.o(x$fpl$ddiv)
    $v0                                      0x00003d98   Number         0  dfix.o(x$fpl$dfix)
    x$fpl$dfix                               0x00003d98   Section       94  dfix.o(x$fpl$dfix)
    $v0                                      0x00003df6   Number         0  dflt_clz.o(x$fpl$dflt)
    x$fpl$dflt                               0x00003df6   Section       46  dflt_clz.o(x$fpl$dflt)
    $v0                                      0x00003e24   Number         0  dleqf.o(x$fpl$dleqf)
    x$fpl$dleqf                              0x00003e24   Section      120  dleqf.o(x$fpl$dleqf)
    $v0                                      0x00003e9c   Number         0  dmul.o(x$fpl$dmul)
    x$fpl$dmul                               0x00003e9c   Section      340  dmul.o(x$fpl$dmul)
    $v0                                      0x00003ff0   Number         0  dnaninf.o(x$fpl$dnaninf)
    x$fpl$dnaninf                            0x00003ff0   Section      156  dnaninf.o(x$fpl$dnaninf)
    $v0                                      0x0000408c   Number         0  dretinf.o(x$fpl$dretinf)
    x$fpl$dretinf                            0x0000408c   Section       12  dretinf.o(x$fpl$dretinf)
    $v0                                      0x00004098   Number         0  drleqf.o(x$fpl$drleqf)
    x$fpl$drleqf                             0x00004098   Section      108  drleqf.o(x$fpl$drleqf)
    $v0                                      0x00004104   Number         0  daddsub_clz.o(x$fpl$drsb)
    x$fpl$drsb                               0x00004104   Section       22  daddsub_clz.o(x$fpl$drsb)
    $v0                                      0x0000411c   Number         0  dsqrt_umaal.o(x$fpl$dsqrt)
    x$fpl$dsqrt                              0x0000411c   Section      408  dsqrt_umaal.o(x$fpl$dsqrt)
    $v0                                      0x000042b4   Number         0  daddsub_clz.o(x$fpl$dsub)
    x$fpl$dsub                               0x000042b4   Section      476  daddsub_clz.o(x$fpl$dsub)
    _dsub1                                   0x000042c5   Thumb Code     0  daddsub_clz.o(x$fpl$dsub)
    $v0                                      0x00004490   Number         0  fpinit.o(x$fpl$fpinit)
    x$fpl$fpinit                             0x00004490   Section       26  fpinit.o(x$fpl$fpinit)
    $v0                                      0x000044aa   Number         0  printf1.o(x$fpl$printf1)
    x$fpl$printf1                            0x000044aa   Section        4  printf1.o(x$fpl$printf1)
    $v0                                      0x000044ae   Number         0  printf2.o(x$fpl$printf2)
    x$fpl$printf2                            0x000044ae   Section        4  printf2.o(x$fpl$printf2)
    $v0                                      0x000044b2   Number         0  retnan.o(x$fpl$retnan)
    x$fpl$retnan                             0x000044b2   Section      100  retnan.o(x$fpl$retnan)
    $v0                                      0x00004516   Number         0  scalbn.o(x$fpl$scalbn)
    x$fpl$scalbn                             0x00004516   Section       92  scalbn.o(x$fpl$scalbn)
    $v0                                      0x00004572   Number         0  trapv.o(x$fpl$trapveneer)
    x$fpl$trapveneer                         0x00004572   Section       48  trapv.o(x$fpl$trapveneer)
    x$fpl$usenofp                            0x000045a2   Section        0  usenofp.o(x$fpl$usenofp)
    bp                                       0x000045a8   Data          16  pow.o(.constdata)
    .constdata                               0x000045a8   Section      136  pow.o(.constdata)
    dp_h                                     0x000045b8   Data          16  pow.o(.constdata)
    dp_l                                     0x000045c8   Data          16  pow.o(.constdata)
    L                                        0x000045d8   Data          48  pow.o(.constdata)
    P                                        0x00004608   Data          40  pow.o(.constdata)
    initial_mbstate                          0x00004630   Data           8  _printf_wctomb.o(.constdata)
    .constdata                               0x00004630   Section        8  _printf_wctomb.o(.constdata)
    uc_hextab                                0x00004638   Data          20  _printf_hex_int_ll_ptr.o(.constdata)
    .constdata                               0x00004638   Section       40  _printf_hex_int_ll_ptr.o(.constdata)
    lc_hextab                                0x0000464c   Data          20  _printf_hex_int_ll_ptr.o(.constdata)
    maptable                                 0x00004660   Data          17  __printf_flags_ss_wp.o(.constdata)
    .constdata                               0x00004660   Section       17  __printf_flags_ss_wp.o(.constdata)
    .constdata                               0x00004678   Section        8  qnan.o(.constdata)
    lc_hextab                                0x00004680   Data          19  _printf_fp_hex.o(.constdata)
    .constdata                               0x00004680   Section       38  _printf_fp_hex.o(.constdata)
    uc_hextab                                0x00004693   Data          19  _printf_fp_hex.o(.constdata)
    tenpwrs_x                                0x000046a8   Data          60  bigflt0.o(.constdata)
    .constdata                               0x000046a8   Section      148  bigflt0.o(.constdata)
    tenpwrs_i                                0x000046e4   Data          64  bigflt0.o(.constdata)
    ASCII                                    0x0000473c   Data         480  main.o(.rodata.ASCII)
    [Anonymous Symbol]                       0x0000473c   Section        0  main.o(.rodata.ASCII)
    .L.str                                   0x0000491c   Data           5  main.o(.rodata.str1.1)
    .L.str.4                                 0x0000491c   Data          13  main.o(.rodata.str1.1)
    [Anonymous Symbol]                       0x0000491c   Section        0  main.o(.rodata.str1.1)
    .L.str.1                                 0x00004921   Data           4  main.o(.rodata.str1.1)
    .L.str.2                                 0x00004925   Data           3  main.o(.rodata.str1.1)
    .L.str.5                                 0x00004929   Data           7  main.o(.rodata.str1.1)
    .L.str.6                                 0x00004930   Data           7  main.o(.rodata.str1.1)
    .L.str.3                                 0x00004937   Data          13  main.o(.rodata.str1.1)
    .L.str                                   0x00004944   Data           8  teclado.o(.rodata.str1.1)
    [Anonymous Symbol]                       0x00004944   Section        0  teclado.o(.rodata.str1.1)
    locale$$data                             0x0000495c   Section       28  lc_numeric_c.o(locale$$data)
    __lcnum_c_name                           0x00004960   Data           2  lc_numeric_c.o(locale$$data)
    __lcnum_c_start                          0x00004968   Data           0  lc_numeric_c.o(locale$$data)
    __lcnum_c_point                          0x00004974   Data           0  lc_numeric_c.o(locale$$data)
    __lcnum_c_thousands                      0x00004976   Data           0  lc_numeric_c.o(locale$$data)
    __lcnum_c_grouping                       0x00004977   Data           0  lc_numeric_c.o(locale$$data)
    __lcnum_c_end                            0x00004978   Data           0  lc_numeric_c.o(locale$$data)
    locale$$data                             0x00004978   Section      272  lc_ctype_c.o(locale$$data)
    __lcctype_c_name                         0x0000497c   Data           2  lc_ctype_c.o(locale$$data)
    __lcctype_c_start                        0x00004984   Data           0  lc_ctype_c.o(locale$$data)
    __lcctype_c_end                          0x00004a88   Data           0  lc_ctype_c.o(locale$$data)
    .bss                                     0x20000000   Section       96  libspace.o(.bss)
    Heap_Mem                                 0x20000060   Data           0  startup_tm4c123.o(HEAP)
    Stack_Mem                                0x20000060   Data         512  startup_tm4c123.o(STACK)
    HEAP                                     0x20000060   Section        0  startup_tm4c123.o(HEAP)
    STACK                                    0x20000060   Section      512  startup_tm4c123.o(STACK)
    __initial_sp                             0x20000260   Data           0  startup_tm4c123.o(STACK)

    Global Symbols

    Symbol Name                              Value     Ov Type        Size  Object(Section)

    BuildAttributes$$THM_ISAv4$E$P$D$K$B$S$7EM$VFPi3$EXTD16$VFPS$VFMA$PE$A:L22UL41UL21$X:L11$S22US41US21$IEEE1$IW$~IW$USESV6$~STKCKD$USESV7$~SHL$OTIME$ROPI$IEEEX$EBA8$UX$STANDARDLIB$REQ8$PRES8$EABIv2 0x00000000   Number         0  anon$$obj.o ABSOLUTE
    __Vectors                                0x00000000   Data           4  startup_tm4c123.o(RESET)
    _printf_flags                            0x00000000   Number         0  printf_stubs.o ABSOLUTE
    _printf_return_value                     0x00000000   Number         0  printf_stubs.o ABSOLUTE
    _printf_sizespec                         0x00000000   Number         0  printf_stubs.o ABSOLUTE
    _printf_widthprec                        0x00000000   Number         0  printf_stubs.o ABSOLUTE
    __ARM_exceptions_init                     - Undefined Weak Reference
    __alloca_initialize                       - Undefined Weak Reference
    __arm_preinit_                            - Undefined Weak Reference
    __arm_relocate_pie_                       - Undefined Weak Reference
    __cpp_initialize__aeabi_                  - Undefined Weak Reference
    __cxa_finalize                            - Undefined Weak Reference
    __sigvec_lookup                           - Undefined Weak Reference
    _atexit_init                              - Undefined Weak Reference
    _call_atexit_fns                          - Undefined Weak Reference
    _clock_init                               - Undefined Weak Reference
    _fp_trap_init                             - Undefined Weak Reference
    _fp_trap_shutdown                         - Undefined Weak Reference
    _get_lc_collate                           - Undefined Weak Reference
    _get_lc_monetary                          - Undefined Weak Reference
    _get_lc_time                              - Undefined Weak Reference
    _getenv_init                              - Undefined Weak Reference
    _handle_redirection                       - Undefined Weak Reference
    _init_alloc                               - Undefined Weak Reference
    _init_user_alloc                          - Undefined Weak Reference
    _initio                                   - Undefined Weak Reference
    _printf_mbtowc                            - Undefined Weak Reference
    _printf_wc                                - Undefined Weak Reference
    _rand_init                                - Undefined Weak Reference
    _signal_finish                            - Undefined Weak Reference
    _signal_init                              - Undefined Weak Reference
    _terminate_alloc                          - Undefined Weak Reference
    _terminate_user_alloc                     - Undefined Weak Reference
    _terminateio                              - Undefined Weak Reference
    __Vectors_End                            0x0000026c   Data           0  startup_tm4c123.o(RESET)
    __Vectors_Size                           0x0000026c   Number         0  startup_tm4c123.o ABSOLUTE
    __main                                   0x0000026d   Thumb Code     8  __main.o(!!!main)
    __scatterload                            0x00000275   Thumb Code     0  __scatter.o(!!!scatter)
    __scatterload_rt2                        0x00000275   Thumb Code    44  __scatter.o(!!!scatter)
    __scatterload_rt2_thumb_only             0x00000275   Thumb Code     0  __scatter.o(!!!scatter)
    __scatterload_null                       0x00000283   Thumb Code     0  __scatter.o(!!!scatter)
    __scatterload_zeroinit                   0x000002a9   Thumb Code    28  __scatter_zi.o(!!handler_zi)
    _printf_n                                0x000002c5   Thumb Code     0  _printf_n.o(.ARM.Collect$$_printf_percent$$00000001)
    _printf_percent                          0x000002c5   Thumb Code     0  _printf_percent.o(.ARM.Collect$$_printf_percent$$00000000)
    _printf_p                                0x000002cb   Thumb Code     0  _printf_p.o(.ARM.Collect$$_printf_percent$$00000002)
    _printf_f                                0x000002d1   Thumb Code     0  _printf_f.o(.ARM.Collect$$_printf_percent$$00000003)
    _printf_e                                0x000002d7   Thumb Code     0  _printf_e.o(.ARM.Collect$$_printf_percent$$00000004)
    _printf_g                                0x000002dd   Thumb Code     0  _printf_g.o(.ARM.Collect$$_printf_percent$$00000005)
    _printf_a                                0x000002e3   Thumb Code     0  _printf_a.o(.ARM.Collect$$_printf_percent$$00000006)
    _printf_ll                               0x000002e9   Thumb Code     0  _printf_ll.o(.ARM.Collect$$_printf_percent$$00000007)
    _printf_i                                0x000002f3   Thumb Code     0  _printf_i.o(.ARM.Collect$$_printf_percent$$00000008)
    _printf_d                                0x000002f9   Thumb Code     0  _printf_d.o(.ARM.Collect$$_printf_percent$$00000009)
    _printf_u                                0x000002ff   Thumb Code     0  _printf_u.o(.ARM.Collect$$_printf_percent$$0000000A)
    _printf_o                                0x00000305   Thumb Code     0  _printf_o.o(.ARM.Collect$$_printf_percent$$0000000B)
    _printf_x                                0x0000030b   Thumb Code     0  _printf_x.o(.ARM.Collect$$_printf_percent$$0000000C)
    _printf_lli                              0x00000311   Thumb Code     0  _printf_lli.o(.ARM.Collect$$_printf_percent$$0000000D)
    _printf_lld                              0x00000317   Thumb Code     0  _printf_lld.o(.ARM.Collect$$_printf_percent$$0000000E)
    _printf_llu                              0x0000031d   Thumb Code     0  _printf_llu.o(.ARM.Collect$$_printf_percent$$0000000F)
    _printf_llo                              0x00000323   Thumb Code     0  _printf_llo.o(.ARM.Collect$$_printf_percent$$00000010)
    _printf_llx                              0x00000329   Thumb Code     0  _printf_llx.o(.ARM.Collect$$_printf_percent$$00000011)
    _printf_l                                0x0000032f   Thumb Code     0  _printf_l.o(.ARM.Collect$$_printf_percent$$00000012)
    _printf_c                                0x00000339   Thumb Code     0  _printf_c.o(.ARM.Collect$$_printf_percent$$00000013)
    _printf_s                                0x0000033f   Thumb Code     0  _printf_s.o(.ARM.Collect$$_printf_percent$$00000014)
    _printf_lc                               0x00000345   Thumb Code     0  _printf_lc.o(.ARM.Collect$$_printf_percent$$00000015)
    _printf_ls                               0x0000034b   Thumb Code     0  _printf_ls.o(.ARM.Collect$$_printf_percent$$00000016)
    _printf_percent_end                      0x00000351   Thumb Code     0  _printf_percent_end.o(.ARM.Collect$$_printf_percent$$00000017)
    __rt_lib_init                            0x00000355   Thumb Code     0  libinit.o(.ARM.Collect$$libinit$$00000000)
    __rt_lib_init_fp_1                       0x00000357   Thumb Code     0  libinit2.o(.ARM.Collect$$libinit$$00000001)
    __rt_lib_init_heap_1                     0x0000035b   Thumb Code     0  libinit2.o(.ARM.Collect$$libinit$$0000000C)
    __rt_lib_init_lc_common                  0x0000035b   Thumb Code     0  libinit2.o(.ARM.Collect$$libinit$$00000011)
    __rt_lib_init_preinit_1                  0x0000035b   Thumb Code     0  libinit2.o(.ARM.Collect$$libinit$$00000006)
    __rt_lib_init_rand_1                     0x0000035b   Thumb Code     0  libinit2.o(.ARM.Collect$$libinit$$00000010)
    __rt_lib_init_relocate_pie_1             0x0000035b   Thumb Code     0  libinit2.o(.ARM.Collect$$libinit$$00000004)
    __rt_lib_init_user_alloc_1               0x0000035b   Thumb Code     0  libinit2.o(.ARM.Collect$$libinit$$0000000E)
    __rt_lib_init_lc_collate_1               0x00000361   Thumb Code     0  libinit2.o(.ARM.Collect$$libinit$$00000013)
    __rt_lib_init_lc_ctype_2                 0x00000361   Thumb Code     0  libinit2.o(.ARM.Collect$$libinit$$00000014)
    __rt_lib_init_lc_ctype_1                 0x0000036d   Thumb Code     0  libinit2.o(.ARM.Collect$$libinit$$00000015)
    __rt_lib_init_lc_monetary_1              0x0000036d   Thumb Code     0  libinit2.o(.ARM.Collect$$libinit$$00000017)
    __rt_lib_init_lc_numeric_2               0x0000036d   Thumb Code     0  libinit2.o(.ARM.Collect$$libinit$$00000018)
    __rt_lib_init_alloca_1                   0x00000377   Thumb Code     0  libinit2.o(.ARM.Collect$$libinit$$00000030)
    __rt_lib_init_argv_1                     0x00000377   Thumb Code     0  libinit2.o(.ARM.Collect$$libinit$$0000002E)
    __rt_lib_init_atexit_1                   0x00000377   Thumb Code     0  libinit2.o(.ARM.Collect$$libinit$$0000001D)
    __rt_lib_init_clock_1                    0x00000377   Thumb Code     0  libinit2.o(.ARM.Collect$$libinit$$00000023)
    __rt_lib_init_cpp_1                      0x00000377   Thumb Code     0  libinit2.o(.ARM.Collect$$libinit$$00000034)
    __rt_lib_init_exceptions_1               0x00000377   Thumb Code     0  libinit2.o(.ARM.Collect$$libinit$$00000032)
    __rt_lib_init_fp_trap_1                  0x00000377   Thumb Code     0  libinit2.o(.ARM.Collect$$libinit$$00000021)
    __rt_lib_init_getenv_1                   0x00000377   Thumb Code     0  libinit2.o(.ARM.Collect$$libinit$$00000025)
    __rt_lib_init_lc_numeric_1               0x00000377   Thumb Code     0  libinit2.o(.ARM.Collect$$libinit$$00000019)
    __rt_lib_init_lc_time_1                  0x00000377   Thumb Code     0  libinit2.o(.ARM.Collect$$libinit$$0000001B)
    __rt_lib_init_return                     0x00000377   Thumb Code     0  libinit2.o(.ARM.Collect$$libinit$$00000035)
    __rt_lib_init_signal_1                   0x00000377   Thumb Code     0  libinit2.o(.ARM.Collect$$libinit$$0000001F)
    __rt_lib_init_stdio_1                    0x00000377   Thumb Code     0  libinit2.o(.ARM.Collect$$libinit$$00000027)
    __rt_lib_shutdown                        0x00000379   Thumb Code     0  libshutdown.o(.ARM.Collect$$libshutdown$$00000000)
    __rt_lib_shutdown_cpp_1                  0x0000037b   Thumb Code     0  libshutdown2.o(.ARM.Collect$$libshutdown$$00000002)
    __rt_lib_shutdown_fp_trap_1              0x0000037b   Thumb Code     0  libshutdown2.o(.ARM.Collect$$libshutdown$$00000007)
    __rt_lib_shutdown_heap_1                 0x0000037b   Thumb Code     0  libshutdown2.o(.ARM.Collect$$libshutdown$$0000000F)
    __rt_lib_shutdown_return                 0x0000037b   Thumb Code     0  libshutdown2.o(.ARM.Collect$$libshutdown$$00000010)
    __rt_lib_shutdown_signal_1               0x0000037b   Thumb Code     0  libshutdown2.o(.ARM.Collect$$libshutdown$$0000000A)
    __rt_lib_shutdown_stdio_1                0x0000037b   Thumb Code     0  libshutdown2.o(.ARM.Collect$$libshutdown$$00000004)
    __rt_lib_shutdown_user_alloc_1           0x0000037b   Thumb Code     0  libshutdown2.o(.ARM.Collect$$libshutdown$$0000000C)
    __rt_entry                               0x0000037d   Thumb Code     0  __rtentry.o(.ARM.Collect$$rtentry$$00000000)
    __rt_entry_presh_1                       0x0000037d   Thumb Code     0  __rtentry2.o(.ARM.Collect$$rtentry$$00000002)
    __rt_entry_sh                            0x0000037d   Thumb Code     0  __rtentry4.o(.ARM.Collect$$rtentry$$00000004)
    __rt_entry_li                            0x00000383   Thumb Code     0  __rtentry2.o(.ARM.Collect$$rtentry$$0000000A)
    __rt_entry_postsh_1                      0x00000383   Thumb Code     0  __rtentry2.o(.ARM.Collect$$rtentry$$00000009)
    __rt_entry_main                          0x00000387   Thumb Code     0  __rtentry2.o(.ARM.Collect$$rtentry$$0000000D)
    __rt_entry_postli_1                      0x00000387   Thumb Code     0  __rtentry2.o(.ARM.Collect$$rtentry$$0000000C)
    __rt_exit                                0x0000038f   Thumb Code     0  rtexit.o(.ARM.Collect$$rtexit$$00000000)
    __rt_exit_ls                             0x00000391   Thumb Code     0  rtexit2.o(.ARM.Collect$$rtexit$$00000003)
    __rt_exit_prels_1                        0x00000391   Thumb Code     0  rtexit2.o(.ARM.Collect$$rtexit$$00000002)
    __rt_exit_exit                           0x00000395   Thumb Code     0  rtexit2.o(.ARM.Collect$$rtexit$$00000004)
    Reset_Handler                            0x0000039d   Thumb Code     8  startup_tm4c123.o(.text)
    NMI_Handler                              0x000003a5   Thumb Code     2  startup_tm4c123.o(.text)
    HardFault_Handler                        0x000003a7   Thumb Code     2  startup_tm4c123.o(.text)
    MemManage_Handler                        0x000003a9   Thumb Code     2  startup_tm4c123.o(.text)
    BusFault_Handler                         0x000003ab   Thumb Code     2  startup_tm4c123.o(.text)
    UsageFault_Handler                       0x000003ad   Thumb Code     2  startup_tm4c123.o(.text)
    SVC_Handler                              0x000003af   Thumb Code     2  startup_tm4c123.o(.text)
    DebugMon_Handler                         0x000003b1   Thumb Code     2  startup_tm4c123.o(.text)
    PendSV_Handler                           0x000003b3   Thumb Code     2  startup_tm4c123.o(.text)
    SysTick_Handler                          0x000003b5   Thumb Code     2  startup_tm4c123.o(.text)
    GPIOA_Handler                            0x000003b7   Thumb Code     2  startup_tm4c123.o(.text)
    GPIOB_Handler                            0x000003b9   Thumb Code     2  startup_tm4c123.o(.text)
    GPIOC_Handler                            0x000003bb   Thumb Code     2  startup_tm4c123.o(.text)
    GPIOD_Handler                            0x000003bd   Thumb Code     2  startup_tm4c123.o(.text)
    GPIOE_Handler                            0x000003bf   Thumb Code     2  startup_tm4c123.o(.text)
    UART0_Handler                            0x000003c1   Thumb Code     2  startup_tm4c123.o(.text)
    UART1_Handler                            0x000003c3   Thumb Code     2  startup_tm4c123.o(.text)
    SSI0_Handler                             0x000003c5   Thumb Code     2  startup_tm4c123.o(.text)
    I2C0_Handler                             0x000003c7   Thumb Code     2  startup_tm4c123.o(.text)
    PMW0_FAULT_Handler                       0x000003c9   Thumb Code     2  startup_tm4c123.o(.text)
    PWM0_0_Handler                           0x000003cb   Thumb Code     2  startup_tm4c123.o(.text)
    PWM0_1_Handler                           0x000003cd   Thumb Code     2  startup_tm4c123.o(.text)
    PWM0_2_Handler                           0x000003cf   Thumb Code     2  startup_tm4c123.o(.text)
    QEI0_Handler                             0x000003d1   Thumb Code     2  startup_tm4c123.o(.text)
    ADC0SS0_Handler                          0x000003d3   Thumb Code     2  startup_tm4c123.o(.text)
    ADC0SS1_Handler                          0x000003d5   Thumb Code     2  startup_tm4c123.o(.text)
    ADC0SS2_Handler                          0x000003d7   Thumb Code     2  startup_tm4c123.o(.text)
    ADC0SS3_Handler                          0x000003d9   Thumb Code     2  startup_tm4c123.o(.text)
    WDT0_Handler                             0x000003db   Thumb Code     2  startup_tm4c123.o(.text)
    TIMER0A_Handler                          0x000003dd   Thumb Code     2  startup_tm4c123.o(.text)
    TIMER0B_Handler                          0x000003df   Thumb Code     2  startup_tm4c123.o(.text)
    TIMER1A_Handler                          0x000003e1   Thumb Code     2  startup_tm4c123.o(.text)
    TIMER1B_Handler                          0x000003e3   Thumb Code     2  startup_tm4c123.o(.text)
    TIMER2A_Handler                          0x000003e5   Thumb Code     2  startup_tm4c123.o(.text)
    TIMER2B_Handler                          0x000003e7   Thumb Code     2  startup_tm4c123.o(.text)
    COMP0_Handler                            0x000003e9   Thumb Code     2  startup_tm4c123.o(.text)
    COMP1_Handler                            0x000003eb   Thumb Code     2  startup_tm4c123.o(.text)
    COMP2_Handler                            0x000003ed   Thumb Code     2  startup_tm4c123.o(.text)
    SYSCTL_Handler                           0x000003ef   Thumb Code     2  startup_tm4c123.o(.text)
    FLASH_Handler                            0x000003f1   Thumb Code     2  startup_tm4c123.o(.text)
    GPIOF_Handler                            0x000003f3   Thumb Code     2  startup_tm4c123.o(.text)
    GPIOG_Handler                            0x000003f5   Thumb Code     2  startup_tm4c123.o(.text)
    GPIOH_Handler                            0x000003f7   Thumb Code     2  startup_tm4c123.o(.text)
    UART2_Handler                            0x000003f9   Thumb Code     2  startup_tm4c123.o(.text)
    SSI1_Handler                             0x000003fb   Thumb Code     2  startup_tm4c123.o(.text)
    TIMER3A_Handler                          0x000003fd   Thumb Code     2  startup_tm4c123.o(.text)
    TIMER3B_Handler                          0x000003ff   Thumb Code     2  startup_tm4c123.o(.text)
    I2C1_Handler                             0x00000401   Thumb Code     2  startup_tm4c123.o(.text)
    QEI1_Handler                             0x00000403   Thumb Code     2  startup_tm4c123.o(.text)
    CAN0_Handler                             0x00000405   Thumb Code     2  startup_tm4c123.o(.text)
    CAN1_Handler                             0x00000407   Thumb Code     2  startup_tm4c123.o(.text)
    CAN2_Handler                             0x00000409   Thumb Code     2  startup_tm4c123.o(.text)
    HIB_Handler                              0x0000040b   Thumb Code     2  startup_tm4c123.o(.text)
    USB0_Handler                             0x0000040d   Thumb Code     2  startup_tm4c123.o(.text)
    PWM0_3_Handler                           0x0000040f   Thumb Code     2  startup_tm4c123.o(.text)
    UDMA_Handler                             0x00000411   Thumb Code     2  startup_tm4c123.o(.text)
    UDMAERR_Handler                          0x00000413   Thumb Code     2  startup_tm4c123.o(.text)
    ADC1SS0_Handler                          0x00000415   Thumb Code     2  startup_tm4c123.o(.text)
    ADC1SS1_Handler                          0x00000417   Thumb Code     2  startup_tm4c123.o(.text)
    ADC1SS2_Handler                          0x00000419   Thumb Code     2  startup_tm4c123.o(.text)
    ADC1SS3_Handler                          0x0000041b   Thumb Code     2  startup_tm4c123.o(.text)
    GPIOJ_Handler                            0x0000041d   Thumb Code     2  startup_tm4c123.o(.text)
    GPIOK_Handler                            0x0000041f   Thumb Code     2  startup_tm4c123.o(.text)
    GPIOL_Handler                            0x00000421   Thumb Code     2  startup_tm4c123.o(.text)
    SSI2_Handler                             0x00000423   Thumb Code     2  startup_tm4c123.o(.text)
    SSI3_Handler                             0x00000425   Thumb Code     2  startup_tm4c123.o(.text)
    UART3_Handler                            0x00000427   Thumb Code     2  startup_tm4c123.o(.text)
    UART4_Handler                            0x00000429   Thumb Code     2  startup_tm4c123.o(.text)
    UART5_Handler                            0x0000042b   Thumb Code     2  startup_tm4c123.o(.text)
    UART6_Handler                            0x0000042d   Thumb Code     2  startup_tm4c123.o(.text)
    UART7_Handler                            0x0000042f   Thumb Code     2  startup_tm4c123.o(.text)
    I2C2_Handler                             0x00000431   Thumb Code     2  startup_tm4c123.o(.text)
    I2C3_Handler                             0x00000433   Thumb Code     2  startup_tm4c123.o(.text)
    TIMER4A_Handler                          0x00000435   Thumb Code     2  startup_tm4c123.o(.text)
    TIMER4B_Handler                          0x00000437   Thumb Code     2  startup_tm4c123.o(.text)
    TIMER5A_Handler                          0x00000439   Thumb Code     2  startup_tm4c123.o(.text)
    TIMER5B_Handler                          0x0000043b   Thumb Code     2  startup_tm4c123.o(.text)
    WTIMER0A_Handler                         0x0000043d   Thumb Code     2  startup_tm4c123.o(.text)
    WTIMER0B_Handler                         0x0000043f   Thumb Code     2  startup_tm4c123.o(.text)
    WTIMER1A_Handler                         0x00000441   Thumb Code     2  startup_tm4c123.o(.text)
    WTIMER1B_Handler                         0x00000443   Thumb Code     2  startup_tm4c123.o(.text)
    WTIMER2A_Handler                         0x00000445   Thumb Code     2  startup_tm4c123.o(.text)
    WTIMER2B_Handler                         0x00000447   Thumb Code     2  startup_tm4c123.o(.text)
    WTIMER3A_Handler                         0x00000449   Thumb Code     2  startup_tm4c123.o(.text)
    WTIMER3B_Handler                         0x0000044b   Thumb Code     2  startup_tm4c123.o(.text)
    WTIMER4A_Handler                         0x0000044d   Thumb Code     2  startup_tm4c123.o(.text)
    WTIMER4B_Handler                         0x0000044f   Thumb Code     2  startup_tm4c123.o(.text)
    WTIMER5A_Handler                         0x00000451   Thumb Code     2  startup_tm4c123.o(.text)
    WTIMER5B_Handler                         0x00000453   Thumb Code     2  startup_tm4c123.o(.text)
    FPU_Handler                              0x00000455   Thumb Code     2  startup_tm4c123.o(.text)
    I2C4_Handler                             0x00000457   Thumb Code     2  startup_tm4c123.o(.text)
    I2C5_Handler                             0x00000459   Thumb Code     2  startup_tm4c123.o(.text)
    GPIOM_Handler                            0x0000045b   Thumb Code     2  startup_tm4c123.o(.text)
    GPION_Handler                            0x0000045d   Thumb Code     2  startup_tm4c123.o(.text)
    QEI2_Handler                             0x0000045f   Thumb Code     2  startup_tm4c123.o(.text)
    GPIOP0_Handler                           0x00000461   Thumb Code     2  startup_tm4c123.o(.text)
    GPIOP1_Handler                           0x00000463   Thumb Code     2  startup_tm4c123.o(.text)
    GPIOP2_Handler                           0x00000465   Thumb Code     2  startup_tm4c123.o(.text)
    GPIOP3_Handler                           0x00000467   Thumb Code     2  startup_tm4c123.o(.text)
    GPIOP4_Handler                           0x00000469   Thumb Code     2  startup_tm4c123.o(.text)
    GPIOP5_Handler                           0x0000046b   Thumb Code     2  startup_tm4c123.o(.text)
    GPIOP6_Handler                           0x0000046d   Thumb Code     2  startup_tm4c123.o(.text)
    GPIOP7_Handler                           0x0000046f   Thumb Code     2  startup_tm4c123.o(.text)
    GPIOQ0_Handler                           0x00000471   Thumb Code     2  startup_tm4c123.o(.text)
    GPIOQ1_Handler                           0x00000473   Thumb Code     2  startup_tm4c123.o(.text)
    GPIOQ2_Handler                           0x00000475   Thumb Code     2  startup_tm4c123.o(.text)
    GPIOQ3_Handler                           0x00000477   Thumb Code     2  startup_tm4c123.o(.text)
    GPIOQ4_Handler                           0x00000479   Thumb Code     2  startup_tm4c123.o(.text)
    GPIOQ5_Handler                           0x0000047b   Thumb Code     2  startup_tm4c123.o(.text)
    GPIOQ6_Handler                           0x0000047d   Thumb Code     2  startup_tm4c123.o(.text)
    GPIOQ7_Handler                           0x0000047f   Thumb Code     2  startup_tm4c123.o(.text)
    GPIOR_Handler                            0x00000481   Thumb Code     2  startup_tm4c123.o(.text)
    GPIOS_Handler                            0x00000483   Thumb Code     2  startup_tm4c123.o(.text)
    PMW1_0_Handler                           0x00000485   Thumb Code     2  startup_tm4c123.o(.text)
    PWM1_1_Handler                           0x00000487   Thumb Code     2  startup_tm4c123.o(.text)
    PWM1_2_Handler                           0x00000489   Thumb Code     2  startup_tm4c123.o(.text)
    PWM1_3_Handler                           0x0000048b   Thumb Code     2  startup_tm4c123.o(.text)
    PWM1_FAULT_Handler                       0x0000048d   Thumb Code     2  startup_tm4c123.o(.text)
    __user_initial_stackheap                 0x00000491   Thumb Code     0  startup_tm4c123.o(.text)
    sprintf                                  0x000004b1   Thumb Code    38  sprintf.o(.text)
    __use_two_region_memory                  0x000004dd   Thumb Code     2  heapauxi.o(.text)
    __rt_heap_escrow$2region                 0x000004df   Thumb Code     2  heapauxi.o(.text)
    __rt_heap_expand$2region                 0x000004e1   Thumb Code     2  heapauxi.o(.text)
    __read_errno                             0x000004e3   Thumb Code    10  _rserrno.o(.text)
    __set_errno                              0x000004ed   Thumb Code    12  _rserrno.o(.text)
    _printf_pre_padding                      0x000004f9   Thumb Code    44  _printf_pad.o(.text)
    _printf_post_padding                     0x00000525   Thumb Code    34  _printf_pad.o(.text)
    _printf_truncate_signed                  0x00000547   Thumb Code    18  _printf_truncate.o(.text)
    _printf_truncate_unsigned                0x00000559   Thumb Code    18  _printf_truncate.o(.text)
    _printf_str                              0x0000056b   Thumb Code    82  _printf_str.o(.text)
    _printf_int_dec                          0x000005bd   Thumb Code   104  _printf_dec.o(.text)
    _printf_charcount                        0x00000635   Thumb Code    40  _printf_charcount.o(.text)
    _printf_char_common                      0x00000667   Thumb Code    32  _printf_char_common.o(.text)
    _sputc                                   0x0000068d   Thumb Code    10  _sputc.o(.text)
    _printf_wctomb                           0x00000699   Thumb Code   182  _printf_wctomb.o(.text)
    _printf_longlong_dec                     0x00000755   Thumb Code   108  _printf_longlong_dec.o(.text)
    _printf_longlong_oct                     0x000007d1   Thumb Code    68  _printf_oct_int_ll.o(.text)
    _printf_int_oct                          0x00000815   Thumb Code    24  _printf_oct_int_ll.o(.text)
    _printf_ll_oct                           0x0000082d   Thumb Code    12  _printf_oct_int_ll.o(.text)
    _printf_longlong_hex                     0x00000841   Thumb Code    86  _printf_hex_int_ll_ptr.o(.text)
    _printf_int_hex                          0x00000897   Thumb Code    28  _printf_hex_int_ll_ptr.o(.text)
    _printf_ll_hex                           0x000008b3   Thumb Code    12  _printf_hex_int_ll_ptr.o(.text)
    _printf_hex_ptr                          0x000008bf   Thumb Code    18  _printf_hex_int_ll_ptr.o(.text)
    __printf                                 0x000008d5   Thumb Code   388  __printf_flags_ss_wp.o(.text)
    __aeabi_errno_addr                       0x00000a5d   Thumb Code     8  rt_errno_addr_intlibspace.o(.text)
    __errno$intlibspace                      0x00000a5d   Thumb Code     0  rt_errno_addr_intlibspace.o(.text)
    __rt_errno_addr$intlibspace              0x00000a5d   Thumb Code     0  rt_errno_addr_intlibspace.o(.text)
    _ll_udiv10                               0x00000a65   Thumb Code   138  lludiv10.o(.text)
    _printf_int_common                       0x00000aef   Thumb Code   178  _printf_intcommon.o(.text)
    _printf_fp_dec_real                      0x00000d51   Thumb Code   620  _printf_fp_dec.o(.text)
    _printf_fp_hex_real                      0x00000fbd   Thumb Code   756  _printf_fp_hex.o(.text)
    _printf_cs_common                        0x000012b9   Thumb Code    20  _printf_char.o(.text)
    _printf_char                             0x000012cd   Thumb Code    16  _printf_char.o(.text)
    _printf_string                           0x000012dd   Thumb Code     8  _printf_char.o(.text)
    _printf_lcs_common                       0x000012e5   Thumb Code    20  _printf_wchar.o(.text)
    _printf_wchar                            0x000012f9   Thumb Code    16  _printf_wchar.o(.text)
    _printf_wstring                          0x00001309   Thumb Code     8  _printf_wchar.o(.text)
    _c16rtomb                                0x00001311   Thumb Code    72  _c16rtomb.o(.text)
    _wcrtomb                                 0x00001311   Thumb Code     0  _c16rtomb.o(.text)
    __user_libspace                          0x00001359   Thumb Code     8  libspace.o(.text)
    __user_perproc_libspace                  0x00001359   Thumb Code     0  libspace.o(.text)
    __user_perthread_libspace                0x00001359   Thumb Code     0  libspace.o(.text)
    __user_setup_stackheap                   0x00001361   Thumb Code    74  sys_stackheap_outer.o(.text)
    __rt_ctype_table                         0x000013ad   Thumb Code    16  rt_ctype_table.o(.text)
    __rt_locale                              0x000013bd   Thumb Code     8  rt_locale_intlibspace.o(.text)
    _printf_fp_infnan                        0x000013c5   Thumb Code   112  _printf_fp_infnan.o(.text)
    _btod_etento                             0x00001445   Thumb Code   224  bigflt0.o(.text)
    exit                                     0x00001529   Thumb Code    18  exit.o(.text)
    strcmp                                   0x00001541   Thumb Code   124  strcmpv7em.o(.text)
    _sys_exit                                0x000015bd   Thumb Code     8  sys_exit.o(.text)
    __I$use$semihosting                      0x000015c9   Thumb Code     0  use_no_semi.o(.text)
    __use_no_semihosting_swi                 0x000015c9   Thumb Code     2  use_no_semi.o(.text)
    __semihosting_library_function           0x000015cb   Thumb Code     0  indicate_semi.o(.text)
    Lectura_tcl                              0x000015cd   Thumb Code    20  teclado.o(.text.Lectura_tcl)
    Lenc                                     0x000015e1   Thumb Code    28  teclado.o(.text.Lenc)
    Nokia5110_Clear                          0x000015fd   Thumb Code    50  main.o(.text.Nokia5110_Clear)
    Nokia5110_Init                           0x00001631   Thumb Code   352  main.o(.text.Nokia5110_Init)
    Nokia5110_OutChar                        0x00001791   Thumb Code    86  main.o(.text.Nokia5110_OutChar)
    Nokia5110_OutString                      0x000017e9   Thumb Code    36  main.o(.text.Nokia5110_OutString)
    Nokia5110_SetCursor                      0x0000180d   Thumb Code    76  main.o(.text.Nokia5110_SetCursor)
    PWM0A_Init                               0x00001859   Thumb Code   266  pwm.o(.text.PWM0A_Init)
    PWM0B_Init                               0x00001965   Thumb Code   276  pwm.o(.text.PWM0B_Init)
    SystemInit                               0x00001a79   Thumb Code    18  system_tm4c123.o(.text.SystemInit)
    board_init                               0x00001a8d   Thumb Code    12  board.o(.text.board_init)
    delay_ms                                 0x00001a99   Thumb Code    62  main.o(.text.delay_ms)
    init_PORTC                               0x00001ad9   Thumb Code   118  board.o(.text.init_PORTC)
    init_PORTD                               0x00001b51   Thumb Code   122  board.o(.text.init_PORTD)
    main                                     0x00001c61   Thumb Code   496  main.o(.text.main)
    teclado_4x4                              0x00001e51   Thumb Code   768  teclado.o(.text.teclado_4x4)
    valor                                    0x00002151   Thumb Code   338  teclado.o(.text.valor)
    _btod_d2e                                0x000022a3   Thumb Code    62  btod.o(CL$$btod_d2e)
    _d2e_denorm_low                          0x000022e1   Thumb Code    70  btod.o(CL$$btod_d2e_denorm_low)
    _d2e_norm_op1                            0x00002327   Thumb Code    96  btod.o(CL$$btod_d2e_norm_op1)
    __btod_div_common                        0x00002389   Thumb Code   696  btod.o(CL$$btod_div_common)
    _e2e                                     0x000026c1   Thumb Code   220  btod.o(CL$$btod_e2e)
    _btod_ediv                               0x0000279d   Thumb Code    42  btod.o(CL$$btod_ediv)
    _btod_emul                               0x000027c7   Thumb Code    42  btod.o(CL$$btod_emul)
    __btod_mult_common                       0x000027f1   Thumb Code   580  btod.o(CL$$btod_mult_common)
    __ARM_fpclassify                         0x00002a35   Thumb Code    48  fpclassify.o(i.__ARM_fpclassify)
    __hardfp_pow                             0x00002a69   Thumb Code  3088  pow.o(i.__hardfp_pow)
    __kernel_poly                            0x000036c9   Thumb Code   248  poly.o(i.__kernel_poly)
    __mathlib_dbl_divzero                    0x000037c1   Thumb Code    28  dunder.o(i.__mathlib_dbl_divzero)
    __mathlib_dbl_infnan2                    0x000037f1   Thumb Code    20  dunder.o(i.__mathlib_dbl_infnan2)
    __mathlib_dbl_invalid                    0x00003809   Thumb Code    24  dunder.o(i.__mathlib_dbl_invalid)
    __mathlib_dbl_overflow                   0x00003829   Thumb Code    24  dunder.o(i.__mathlib_dbl_overflow)
    __mathlib_dbl_underflow                  0x00003849   Thumb Code    24  dunder.o(i.__mathlib_dbl_underflow)
    _is_digit                                0x00003869   Thumb Code    14  __printf_wp.o(i._is_digit)
    fabs                                     0x00003877   Thumb Code    24  fabs.o(i.fabs)
    sqrt                                     0x0000388f   Thumb Code   110  sqrt.o(i.sqrt)
    _get_lc_numeric                          0x000038fd   Thumb Code    44  lc_numeric_c.o(locale$$code)
    _get_lc_ctype                            0x00003929   Thumb Code    44  lc_ctype_c.o(locale$$code)
    __aeabi_dneg                             0x00003955   Thumb Code     0  basic.o(x$fpl$basic)
    _dneg                                    0x00003955   Thumb Code     6  basic.o(x$fpl$basic)
    __aeabi_fneg                             0x0000395b   Thumb Code     0  basic.o(x$fpl$basic)
    _fneg                                    0x0000395b   Thumb Code     6  basic.o(x$fpl$basic)
    _dabs                                    0x00003961   Thumb Code     6  basic.o(x$fpl$basic)
    _fabs                                    0x00003967   Thumb Code     6  basic.o(x$fpl$basic)
    __aeabi_dadd                             0x0000396d   Thumb Code     0  daddsub_clz.o(x$fpl$dadd)
    _dadd                                    0x0000396d   Thumb Code   332  daddsub_clz.o(x$fpl$dadd)
    __fpl_dcheck_NaN1                        0x00003abd   Thumb Code    10  dcheck1.o(x$fpl$dcheck1)
    __fpl_dcmp_Inf                           0x00003acd   Thumb Code    24  dcmpi.o(x$fpl$dcmpinf)
    __aeabi_ddiv                             0x00003ae5   Thumb Code     0  ddiv.o(x$fpl$ddiv)
    _ddiv                                    0x00003ae5   Thumb Code   556  ddiv.o(x$fpl$ddiv)
    __aeabi_d2iz                             0x00003d99   Thumb Code     0  dfix.o(x$fpl$dfix)
    _dfix                                    0x00003d99   Thumb Code    94  dfix.o(x$fpl$dfix)
    __aeabi_i2d                              0x00003df7   Thumb Code     0  dflt_clz.o(x$fpl$dflt)
    _dflt                                    0x00003df7   Thumb Code    46  dflt_clz.o(x$fpl$dflt)
    __aeabi_cdcmple                          0x00003e25   Thumb Code     0  dleqf.o(x$fpl$dleqf)
    _dcmple                                  0x00003e25   Thumb Code   120  dleqf.o(x$fpl$dleqf)
    __fpl_dcmple_InfNaN                      0x00003e87   Thumb Code     0  dleqf.o(x$fpl$dleqf)
    __aeabi_dmul                             0x00003e9d   Thumb Code     0  dmul.o(x$fpl$dmul)
    _dmul                                    0x00003e9d   Thumb Code   332  dmul.o(x$fpl$dmul)
    __fpl_dnaninf                            0x00003ff1   Thumb Code   156  dnaninf.o(x$fpl$dnaninf)
    __fpl_dretinf                            0x0000408d   Thumb Code    12  dretinf.o(x$fpl$dretinf)
    __aeabi_cdrcmple                         0x00004099   Thumb Code     0  drleqf.o(x$fpl$drleqf)
    _drcmple                                 0x00004099   Thumb Code   108  drleqf.o(x$fpl$drleqf)
    __aeabi_drsub                            0x00004105   Thumb Code     0  daddsub_clz.o(x$fpl$drsb)
    _drsb                                    0x00004105   Thumb Code    22  daddsub_clz.o(x$fpl$drsb)
    _dsqrt                                   0x0000411d   Thumb Code   404  dsqrt_umaal.o(x$fpl$dsqrt)
    __aeabi_dsub                             0x000042b5   Thumb Code     0  daddsub_clz.o(x$fpl$dsub)
    _dsub                                    0x000042b5   Thumb Code   472  daddsub_clz.o(x$fpl$dsub)
    _fp_init                                 0x00004491   Thumb Code    26  fpinit.o(x$fpl$fpinit)
    __fplib_config_fpu_vfp                   0x000044a9   Thumb Code     0  fpinit.o(x$fpl$fpinit)
    __fplib_config_pureend_doubles           0x000044a9   Thumb Code     0  fpinit.o(x$fpl$fpinit)
    _printf_fp_dec                           0x000044ab   Thumb Code     4  printf1.o(x$fpl$printf1)
    _printf_fp_hex                           0x000044af   Thumb Code     4  printf2.o(x$fpl$printf2)
    __fpl_return_NaN                         0x000044b3   Thumb Code   100  retnan.o(x$fpl$retnan)
    __ARM_scalbn                             0x00004517   Thumb Code    92  scalbn.o(x$fpl$scalbn)
    __fpl_cmpreturn                          0x00004573   Thumb Code    48  trapv.o(x$fpl$trapveneer)
    __I$use$fp                               0x000045a2   Number         0  usenofp.o(x$fpl$usenofp)
    __mathlib_zero                           0x00004678   Data           8  qnan.o(.constdata)
    Region$$Table$$Base                      0x0000494c   Number         0  anon$$obj.o(Region$$Table)
    Region$$Table$$Limit                     0x0000495c   Number         0  anon$$obj.o(Region$$Table)
    __ctype                                  0x00004985   Data           0  lc_ctype_c.o(locale$$data)
    __libspace_start                         0x20000000   Data          96  libspace.o(.bss)
    __temporary_stack_top$libspace           0x20000060   Data           0  libspace.o(.bss)



==============================================================================

Memory Map of the image

  Image Entry point : 0x0000039d

  Load Region LR_1 (Base: 0x00000000, Size: 0x00004a88, Max: 0xffffffff, ABSOLUTE)

    Execution Region ER_RO (Exec base: 0x00000000, Load base: 0x00000000, Size: 0x00004a88, Max: 0xffffffff, ABSOLUTE)

    Exec Addr    Load Addr    Size         Type   Attr      Idx    E Section Name        Object

    0x00000000   0x00000000   0x0000026c   Data   RO           98    RESET               startup_tm4c123.o
    0x0000026c   0x0000026c   0x00000008   Code   RO          125  * !!!main             c_w.l(__main.o)
    0x00000274   0x00000274   0x00000034   Code   RO          549    !!!scatter          c_w.l(__scatter.o)
    0x000002a8   0x000002a8   0x0000001c   Code   RO          551    !!handler_zi        c_w.l(__scatter_zi.o)
    0x000002c4   0x000002c4   0x00000000   Code   RO          230    .ARM.Collect$$_printf_percent$$00000000  c_w.l(_printf_percent.o)
    0x000002c4   0x000002c4   0x00000006   Code   RO          219    .ARM.Collect$$_printf_percent$$00000001  c_w.l(_printf_n.o)
    0x000002ca   0x000002ca   0x00000006   Code   RO          221    .ARM.Collect$$_printf_percent$$00000002  c_w.l(_printf_p.o)
    0x000002d0   0x000002d0   0x00000006   Code   RO          226    .ARM.Collect$$_printf_percent$$00000003  c_w.l(_printf_f.o)
    0x000002d6   0x000002d6   0x00000006   Code   RO          227    .ARM.Collect$$_printf_percent$$00000004  c_w.l(_printf_e.o)
    0x000002dc   0x000002dc   0x00000006   Code   RO          228    .ARM.Collect$$_printf_percent$$00000005  c_w.l(_printf_g.o)
    0x000002e2   0x000002e2   0x00000006   Code   RO          229    .ARM.Collect$$_printf_percent$$00000006  c_w.l(_printf_a.o)
    0x000002e8   0x000002e8   0x0000000a   Code   RO          234    .ARM.Collect$$_printf_percent$$00000007  c_w.l(_printf_ll.o)
    0x000002f2   0x000002f2   0x00000006   Code   RO          223    .ARM.Collect$$_printf_percent$$00000008  c_w.l(_printf_i.o)
    0x000002f8   0x000002f8   0x00000006   Code   RO          224    .ARM.Collect$$_printf_percent$$00000009  c_w.l(_printf_d.o)
    0x000002fe   0x000002fe   0x00000006   Code   RO          225    .ARM.Collect$$_printf_percent$$0000000A  c_w.l(_printf_u.o)
    0x00000304   0x00000304   0x00000006   Code   RO          222    .ARM.Collect$$_printf_percent$$0000000B  c_w.l(_printf_o.o)
    0x0000030a   0x0000030a   0x00000006   Code   RO          220    .ARM.Collect$$_printf_percent$$0000000C  c_w.l(_printf_x.o)
    0x00000310   0x00000310   0x00000006   Code   RO          231    .ARM.Collect$$_printf_percent$$0000000D  c_w.l(_printf_lli.o)
    0x00000316   0x00000316   0x00000006   Code   RO          232    .ARM.Collect$$_printf_percent$$0000000E  c_w.l(_printf_lld.o)
    0x0000031c   0x0000031c   0x00000006   Code   RO          233    .ARM.Collect$$_printf_percent$$0000000F  c_w.l(_printf_llu.o)
    0x00000322   0x00000322   0x00000006   Code   RO          238    .ARM.Collect$$_printf_percent$$00000010  c_w.l(_printf_llo.o)
    0x00000328   0x00000328   0x00000006   Code   RO          239    .ARM.Collect$$_printf_percent$$00000011  c_w.l(_printf_llx.o)
    0x0000032e   0x0000032e   0x0000000a   Code   RO          235    .ARM.Collect$$_printf_percent$$00000012  c_w.l(_printf_l.o)
    0x00000338   0x00000338   0x00000006   Code   RO          217    .ARM.Collect$$_printf_percent$$00000013  c_w.l(_printf_c.o)
    0x0000033e   0x0000033e   0x00000006   Code   RO          218    .ARM.Collect$$_printf_percent$$00000014  c_w.l(_printf_s.o)
    0x00000344   0x00000344   0x00000006   Code   RO          236    .ARM.Collect$$_printf_percent$$00000015  c_w.l(_printf_lc.o)
    0x0000034a   0x0000034a   0x00000006   Code   RO          237    .ARM.Collect$$_printf_percent$$00000016  c_w.l(_printf_ls.o)
    0x00000350   0x00000350   0x00000004   Code   RO          337    .ARM.Collect$$_printf_percent$$00000017  c_w.l(_printf_percent_end.o)
    0x00000354   0x00000354   0x00000002   Code   RO          397    .ARM.Collect$$libinit$$00000000  c_w.l(libinit.o)
    0x00000356   0x00000356   0x00000004   Code   RO          413    .ARM.Collect$$libinit$$00000001  c_w.l(libinit2.o)
    0x0000035a   0x0000035a   0x00000000   Code   RO          416    .ARM.Collect$$libinit$$00000004  c_w.l(libinit2.o)
    0x0000035a   0x0000035a   0x00000000   Code   RO          418    .ARM.Collect$$libinit$$00000006  c_w.l(libinit2.o)
    0x0000035a   0x0000035a   0x00000000   Code   RO          421    .ARM.Collect$$libinit$$0000000C  c_w.l(libinit2.o)
    0x0000035a   0x0000035a   0x00000000   Code   RO          423    .ARM.Collect$$libinit$$0000000E  c_w.l(libinit2.o)
    0x0000035a   0x0000035a   0x00000000   Code   RO          425    .ARM.Collect$$libinit$$00000010  c_w.l(libinit2.o)
    0x0000035a   0x0000035a   0x00000006   Code   RO          426    .ARM.Collect$$libinit$$00000011  c_w.l(libinit2.o)
    0x00000360   0x00000360   0x00000000   Code   RO          428    .ARM.Collect$$libinit$$00000013  c_w.l(libinit2.o)
    0x00000360   0x00000360   0x0000000c   Code   RO          429    .ARM.Collect$$libinit$$00000014  c_w.l(libinit2.o)
    0x0000036c   0x0000036c   0x00000000   Code   RO          430    .ARM.Collect$$libinit$$00000015  c_w.l(libinit2.o)
    0x0000036c   0x0000036c   0x00000000   Code   RO          432    .ARM.Collect$$libinit$$00000017  c_w.l(libinit2.o)
    0x0000036c   0x0000036c   0x0000000a   Code   RO          433    .ARM.Collect$$libinit$$00000018  c_w.l(libinit2.o)
    0x00000376   0x00000376   0x00000000   Code   RO          434    .ARM.Collect$$libinit$$00000019  c_w.l(libinit2.o)
    0x00000376   0x00000376   0x00000000   Code   RO          436    .ARM.Collect$$libinit$$0000001B  c_w.l(libinit2.o)
    0x00000376   0x00000376   0x00000000   Code   RO          438    .ARM.Collect$$libinit$$0000001D  c_w.l(libinit2.o)
    0x00000376   0x00000376   0x00000000   Code   RO          440    .ARM.Collect$$libinit$$0000001F  c_w.l(libinit2.o)
    0x00000376   0x00000376   0x00000000   Code   RO          442    .ARM.Collect$$libinit$$00000021  c_w.l(libinit2.o)
    0x00000376   0x00000376   0x00000000   Code   RO          444    .ARM.Collect$$libinit$$00000023  c_w.l(libinit2.o)
    0x00000376   0x00000376   0x00000000   Code   RO          446    .ARM.Collect$$libinit$$00000025  c_w.l(libinit2.o)
    0x00000376   0x00000376   0x00000000   Code   RO          448    .ARM.Collect$$libinit$$00000027  c_w.l(libinit2.o)
    0x00000376   0x00000376   0x00000000   Code   RO          452    .ARM.Collect$$libinit$$0000002E  c_w.l(libinit2.o)
    0x00000376   0x00000376   0x00000000   Code   RO          454    .ARM.Collect$$libinit$$00000030  c_w.l(libinit2.o)
    0x00000376   0x00000376   0x00000000   Code   RO          456    .ARM.Collect$$libinit$$00000032  c_w.l(libinit2.o)
    0x00000376   0x00000376   0x00000000   Code   RO          458    .ARM.Collect$$libinit$$00000034  c_w.l(libinit2.o)
    0x00000376   0x00000376   0x00000002   Code   RO          459    .ARM.Collect$$libinit$$00000035  c_w.l(libinit2.o)
    0x00000378   0x00000378   0x00000002   Code   RO          485    .ARM.Collect$$libshutdown$$00000000  c_w.l(libshutdown.o)
    0x0000037a   0x0000037a   0x00000000   Code   RO          500    .ARM.Collect$$libshutdown$$00000002  c_w.l(libshutdown2.o)
    0x0000037a   0x0000037a   0x00000000   Code   RO          502    .ARM.Collect$$libshutdown$$00000004  c_w.l(libshutdown2.o)
    0x0000037a   0x0000037a   0x00000000   Code   RO          505    .ARM.Collect$$libshutdown$$00000007  c_w.l(libshutdown2.o)
    0x0000037a   0x0000037a   0x00000000   Code   RO          508    .ARM.Collect$$libshutdown$$0000000A  c_w.l(libshutdown2.o)
    0x0000037a   0x0000037a   0x00000000   Code   RO          510    .ARM.Collect$$libshutdown$$0000000C  c_w.l(libshutdown2.o)
    0x0000037a   0x0000037a   0x00000000   Code   RO          513    .ARM.Collect$$libshutdown$$0000000F  c_w.l(libshutdown2.o)
    0x0000037a   0x0000037a   0x00000002   Code   RO          514    .ARM.Collect$$libshutdown$$00000010  c_w.l(libshutdown2.o)
    0x0000037c   0x0000037c   0x00000000   Code   RO          146    .ARM.Collect$$rtentry$$00000000  c_w.l(__rtentry.o)
    0x0000037c   0x0000037c   0x00000000   Code   RO          301    .ARM.Collect$$rtentry$$00000002  c_w.l(__rtentry2.o)
    0x0000037c   0x0000037c   0x00000006   Code   RO          313    .ARM.Collect$$rtentry$$00000004  c_w.l(__rtentry4.o)
    0x00000382   0x00000382   0x00000000   Code   RO          303    .ARM.Collect$$rtentry$$00000009  c_w.l(__rtentry2.o)
    0x00000382   0x00000382   0x00000004   Code   RO          304    .ARM.Collect$$rtentry$$0000000A  c_w.l(__rtentry2.o)
    0x00000386   0x00000386   0x00000000   Code   RO          306    .ARM.Collect$$rtentry$$0000000C  c_w.l(__rtentry2.o)
    0x00000386   0x00000386   0x00000008   Code   RO          307    .ARM.Collect$$rtentry$$0000000D  c_w.l(__rtentry2.o)
    0x0000038e   0x0000038e   0x00000002   Code   RO          404    .ARM.Collect$$rtexit$$00000000  c_w.l(rtexit.o)
    0x00000390   0x00000390   0x00000000   Code   RO          463    .ARM.Collect$$rtexit$$00000002  c_w.l(rtexit2.o)
    0x00000390   0x00000390   0x00000004   Code   RO          464    .ARM.Collect$$rtexit$$00000003  c_w.l(rtexit2.o)
    0x00000394   0x00000394   0x00000006   Code   RO          465    .ARM.Collect$$rtexit$$00000004  c_w.l(rtexit2.o)
    0x0000039a   0x0000039a   0x00000002   PAD
    0x0000039c   0x0000039c   0x00000114   Code   RO           99  * .text               startup_tm4c123.o
    0x000004b0   0x000004b0   0x0000002c   Code   RO          121    .text               c_w.l(sprintf.o)
    0x000004dc   0x000004dc   0x00000006   Code   RO          123    .text               c_w.l(heapauxi.o)
    0x000004e2   0x000004e2   0x00000016   Code   RO          147    .text               c_w.l(_rserrno.o)
    0x000004f8   0x000004f8   0x0000004e   Code   RO          151    .text               c_w.l(_printf_pad.o)
    0x00000546   0x00000546   0x00000024   Code   RO          153    .text               c_w.l(_printf_truncate.o)
    0x0000056a   0x0000056a   0x00000052   Code   RO          155    .text               c_w.l(_printf_str.o)
    0x000005bc   0x000005bc   0x00000078   Code   RO          157    .text               c_w.l(_printf_dec.o)
    0x00000634   0x00000634   0x00000028   Code   RO          159    .text               c_w.l(_printf_charcount.o)
    0x0000065c   0x0000065c   0x00000030   Code   RO          161    .text               c_w.l(_printf_char_common.o)
    0x0000068c   0x0000068c   0x0000000a   Code   RO          163    .text               c_w.l(_sputc.o)
    0x00000696   0x00000696   0x00000002   PAD
    0x00000698   0x00000698   0x000000bc   Code   RO          165    .text               c_w.l(_printf_wctomb.o)
    0x00000754   0x00000754   0x0000007c   Code   RO          168    .text               c_w.l(_printf_longlong_dec.o)
    0x000007d0   0x000007d0   0x00000070   Code   RO          174    .text               c_w.l(_printf_oct_int_ll.o)
    0x00000840   0x00000840   0x00000094   Code   RO          194    .text               c_w.l(_printf_hex_int_ll_ptr.o)
    0x000008d4   0x000008d4   0x00000188   Code   RO          214    .text               c_w.l(__printf_flags_ss_wp.o)
    0x00000a5c   0x00000a5c   0x00000008   Code   RO          318    .text               c_w.l(rt_errno_addr_intlibspace.o)
    0x00000a64   0x00000a64   0x0000008a   Code   RO          320    .text               c_w.l(lludiv10.o)
    0x00000aee   0x00000aee   0x000000b2   Code   RO          322    .text               c_w.l(_printf_intcommon.o)
    0x00000ba0   0x00000ba0   0x0000041c   Code   RO          324    .text               c_w.l(_printf_fp_dec.o)
    0x00000fbc   0x00000fbc   0x000002fc   Code   RO          328    .text               c_w.l(_printf_fp_hex.o)
    0x000012b8   0x000012b8   0x0000002c   Code   RO          333    .text               c_w.l(_printf_char.o)
    0x000012e4   0x000012e4   0x0000002c   Code   RO          335    .text               c_w.l(_printf_wchar.o)
    0x00001310   0x00001310   0x00000048   Code   RO          338    .text               c_w.l(_c16rtomb.o)
    0x00001358   0x00001358   0x00000008   Code   RO          346    .text               c_w.l(libspace.o)
    0x00001360   0x00001360   0x0000004a   Code   RO          349    .text               c_w.l(sys_stackheap_outer.o)
    0x000013aa   0x000013aa   0x00000002   PAD
    0x000013ac   0x000013ac   0x00000010   Code   RO          351    .text               c_w.l(rt_ctype_table.o)
    0x000013bc   0x000013bc   0x00000008   Code   RO          356    .text               c_w.l(rt_locale_intlibspace.o)
    0x000013c4   0x000013c4   0x00000080   Code   RO          358    .text               c_w.l(_printf_fp_infnan.o)
    0x00001444   0x00001444   0x000000e4   Code   RO          360    .text               c_w.l(bigflt0.o)
    0x00001528   0x00001528   0x00000012   Code   RO          390    .text               c_w.l(exit.o)
    0x0000153a   0x0000153a   0x00000006   PAD
    0x00001540   0x00001540   0x0000007c   Code   RO          411    .text               c_w.l(strcmpv7em.o)
    0x000015bc   0x000015bc   0x0000000c   Code   RO          475    .text               c_w.l(sys_exit.o)
    0x000015c8   0x000015c8   0x00000002   Code   RO          490    .text               c_w.l(use_no_semi.o)
    0x000015ca   0x000015ca   0x00000000   Code   RO          492    .text               c_w.l(indicate_semi.o)
    0x000015ca   0x000015ca   0x00000002   PAD
    0x000015cc   0x000015cc   0x00000014   Code   RO           76    .text.Lectura_tcl   teclado.o
    0x000015e0   0x000015e0   0x0000001c   Code   RO           70    .text.Lenc          teclado.o
    0x000015fc   0x000015fc   0x00000032   Code   RO           37    .text.Nokia5110_Clear  main.o
    0x0000162e   0x0000162e   0x00000002   PAD
    0x00001630   0x00001630   0x00000160   Code   RO           25    .text.Nokia5110_Init  main.o
    0x00001790   0x00001790   0x00000056   Code   RO           29    .text.Nokia5110_OutChar  main.o
    0x000017e6   0x000017e6   0x00000002   PAD
    0x000017e8   0x000017e8   0x00000024   Code   RO           31    .text.Nokia5110_OutString  main.o
    0x0000180c   0x0000180c   0x0000004c   Code   RO           35    .text.Nokia5110_SetCursor  main.o
    0x00001858   0x00001858   0x0000010a   Code   RO           55    .text.PWM0A_Init    pwm.o
    0x00001962   0x00001962   0x00000002   PAD
    0x00001964   0x00001964   0x00000114   Code   RO           59    .text.PWM0B_Init    pwm.o
    0x00001a78   0x00001a78   0x00000012   Code   RO          110    .text.SystemInit    system_tm4c123.o
    0x00001a8a   0x00001a8a   0x00000002   PAD
    0x00001a8c   0x00001a8c   0x0000000c   Code   RO            2    .text.board_init    board.o
    0x00001a98   0x00001a98   0x0000003e   Code   RO           43    .text.delay_ms      main.o
    0x00001ad6   0x00001ad6   0x00000002   PAD
    0x00001ad8   0x00001ad8   0x00000076   Code   RO            6    .text.init_PORTC    board.o
    0x00001b4e   0x00001b4e   0x00000002   PAD
    0x00001b50   0x00001b50   0x0000007a   Code   RO            4    .text.init_PORTD    board.o
    0x00001bca   0x00001bca   0x00000002   PAD
    0x00001bcc   0x00001bcc   0x00000090   Code   RO           27    .text.lcdwrite      main.o
    0x00001c5c   0x00001c5c   0x00000004   PAD
    0x00001c60   0x00001c60   0x000001f0   Code   RO           41    .text.main          main.o
    0x00001e50   0x00001e50   0x00000300   Code   RO           74    .text.teclado_4x4   teclado.o
    0x00002150   0x00002150   0x00000152   Code   RO           72    .text.valor         teclado.o
    0x000022a2   0x000022a2   0x0000003e   Code   RO          363    CL$$btod_d2e        c_w.l(btod.o)
    0x000022e0   0x000022e0   0x00000046   Code   RO          365    CL$$btod_d2e_denorm_low  c_w.l(btod.o)
    0x00002326   0x00002326   0x00000060   Code   RO          364    CL$$btod_d2e_norm_op1  c_w.l(btod.o)
    0x00002386   0x00002386   0x00000002   PAD
    0x00002388   0x00002388   0x00000338   Code   RO          373    CL$$btod_div_common  c_w.l(btod.o)
    0x000026c0   0x000026c0   0x000000dc   Code   RO          370    CL$$btod_e2e        c_w.l(btod.o)
    0x0000279c   0x0000279c   0x0000002a   Code   RO          367    CL$$btod_ediv       c_w.l(btod.o)
    0x000027c6   0x000027c6   0x0000002a   Code   RO          366    CL$$btod_emul       c_w.l(btod.o)
    0x000027f0   0x000027f0   0x00000244   Code   RO          372    CL$$btod_mult_common  c_w.l(btod.o)
    0x00002a34   0x00002a34   0x00000030   Code   RO          289    i.__ARM_fpclassify  m_wm.l(fpclassify.o)
    0x00002a64   0x00002a64   0x00000004   PAD
    0x00002a68   0x00002a68   0x00000c60   Code   RO          139    i.__hardfp_pow      m_wm.l(pow.o)
    0x000036c8   0x000036c8   0x000000f8   Code   RO          291    i.__kernel_poly     m_wm.l(poly.o)
    0x000037c0   0x000037c0   0x00000030   Code   RO          269    i.__mathlib_dbl_divzero  m_wm.l(dunder.o)
    0x000037f0   0x000037f0   0x00000014   Code   RO          271    i.__mathlib_dbl_infnan2  m_wm.l(dunder.o)
    0x00003804   0x00003804   0x00000004   PAD
    0x00003808   0x00003808   0x00000020   Code   RO          272    i.__mathlib_dbl_invalid  m_wm.l(dunder.o)
    0x00003828   0x00003828   0x00000020   Code   RO          273    i.__mathlib_dbl_overflow  m_wm.l(dunder.o)
    0x00003848   0x00003848   0x00000020   Code   RO          275    i.__mathlib_dbl_underflow  m_wm.l(dunder.o)
    0x00003868   0x00003868   0x0000000e   Code   RO          207    i._is_digit         c_w.l(__printf_wp.o)
    0x00003876   0x00003876   0x00000018   Code   RO          285    i.fabs              m_wm.l(fabs.o)
    0x0000388e   0x0000388e   0x0000006e   Code   RO          296    i.sqrt              m_wm.l(sqrt.o)
    0x000038fc   0x000038fc   0x0000002c   Code   RO          388    locale$$code        c_w.l(lc_numeric_c.o)
    0x00003928   0x00003928   0x0000002c   Code   RO          409    locale$$code        c_w.l(lc_ctype_c.o)
    0x00003954   0x00003954   0x00000018   Code   RO          240    x$fpl$basic         fz_wm.l(basic.o)
    0x0000396c   0x0000396c   0x00000150   Code   RO          242    x$fpl$dadd          fz_wm.l(daddsub_clz.o)
    0x00003abc   0x00003abc   0x00000010   Code   RO          340    x$fpl$dcheck1       fz_wm.l(dcheck1.o)
    0x00003acc   0x00003acc   0x00000018   Code   RO          398    x$fpl$dcmpinf       fz_wm.l(dcmpi.o)
    0x00003ae4   0x00003ae4   0x000002b4   Code   RO          249    x$fpl$ddiv          fz_wm.l(ddiv.o)
    0x00003d98   0x00003d98   0x0000005e   Code   RO          127    x$fpl$dfix          fz_wm.l(dfix.o)
    0x00003df6   0x00003df6   0x0000002e   Code   RO          132    x$fpl$dflt          fz_wm.l(dflt_clz.o)
    0x00003e24   0x00003e24   0x00000078   Code   RO          342    x$fpl$dleqf         fz_wm.l(dleqf.o)
    0x00003e9c   0x00003e9c   0x00000154   Code   RO          137    x$fpl$dmul          fz_wm.l(dmul.o)
    0x00003ff0   0x00003ff0   0x0000009c   Code   RO          252    x$fpl$dnaninf       fz_wm.l(dnaninf.o)
    0x0000408c   0x0000408c   0x0000000c   Code   RO          254    x$fpl$dretinf       fz_wm.l(dretinf.o)
    0x00004098   0x00004098   0x0000006c   Code   RO          256    x$fpl$drleqf        fz_wm.l(drleqf.o)
    0x00004104   0x00004104   0x00000016   Code   RO          243    x$fpl$drsb          fz_wm.l(daddsub_clz.o)
    0x0000411a   0x0000411a   0x00000002   PAD
    0x0000411c   0x0000411c   0x00000198   Code   RO          344    x$fpl$dsqrt         fz_wm.l(dsqrt_umaal.o)
    0x000042b4   0x000042b4   0x000001dc   Code   RO          244    x$fpl$dsub          fz_wm.l(daddsub_clz.o)
    0x00004490   0x00004490   0x0000001a   Code   RO          473    x$fpl$fpinit        fz_wm.l(fpinit.o)
    0x000044aa   0x000044aa   0x00000004   Code   RO          258    x$fpl$printf1       fz_wm.l(printf1.o)
    0x000044ae   0x000044ae   0x00000004   Code   RO          260    x$fpl$printf2       fz_wm.l(printf2.o)
    0x000044b2   0x000044b2   0x00000064   Code   RO          402    x$fpl$retnan        fz_wm.l(retnan.o)
    0x00004516   0x00004516   0x0000005c   Code   RO          266    x$fpl$scalbn        fz_wm.l(scalbn.o)
    0x00004572   0x00004572   0x00000030   Code   RO          460    x$fpl$trapveneer    fz_wm.l(trapv.o)
    0x000045a2   0x000045a2   0x00000000   Code   RO          268    x$fpl$usenofp       fz_wm.l(usenofp.o)
    0x000045a2   0x000045a2   0x00000006   PAD
    0x000045a8   0x000045a8   0x00000088   Data   RO          142    .constdata          m_wm.l(pow.o)
    0x00004630   0x00004630   0x00000008   Data   RO          166    .constdata          c_w.l(_printf_wctomb.o)
    0x00004638   0x00004638   0x00000028   Data   RO          195    .constdata          c_w.l(_printf_hex_int_ll_ptr.o)
    0x00004660   0x00004660   0x00000011   Data   RO          215    .constdata          c_w.l(__printf_flags_ss_wp.o)
    0x00004671   0x00004671   0x00000007   PAD
    0x00004678   0x00004678   0x00000008   Data   RO          293    .constdata          m_wm.l(qnan.o)
    0x00004680   0x00004680   0x00000026   Data   RO          329    .constdata          c_w.l(_printf_fp_hex.o)
    0x000046a6   0x000046a6   0x00000002   PAD
    0x000046a8   0x000046a8   0x00000094   Data   RO          361    .constdata          c_w.l(bigflt0.o)
    0x0000473c   0x0000473c   0x000001e0   Data   RO           45    .rodata.ASCII       main.o
    0x0000491c   0x0000491c   0x00000028   Data   RO           46    .rodata.str1.1      main.o
    0x00004944   0x00004944   0x00000008   Data   RO           78    .rodata.str1.1      teclado.o
    0x0000494c   0x0000494c   0x00000010   Data   RO          548    Region$$Table       anon$$obj.o
    0x0000495c   0x0000495c   0x0000001c   Data   RO          387    locale$$data        c_w.l(lc_numeric_c.o)
    0x00004978   0x00004978   0x00000110   Data   RO          408    locale$$data        c_w.l(lc_ctype_c.o)


    Execution Region ER_RW (Exec base: 0x20000000, Load base: 0x00004a88, Size: 0x00000000, Max: 0xffffffff, ABSOLUTE)

    **** No section assigned to this execution region ****


    Execution Region ER_ZI (Exec base: 0x20000000, Load base: 0x00004a88, Size: 0x00000260, Max: 0xffffffff, ABSOLUTE)

    Exec Addr    Load Addr    Size         Type   Attr      Idx    E Section Name        Object

    0x20000000        -       0x00000060   Zero   RW          347    .bss                c_w.l(libspace.o)
    0x20000060        -       0x00000000   Zero   RW           97    HEAP                startup_tm4c123.o
    0x20000060        -       0x00000200   Zero   RW           96    STACK               startup_tm4c123.o


==============================================================================

Image component sizes


      Code (inc. data)   RO Data    RW Data    ZI Data      Debug   Object Name

       252          0          0          0          0       1178   board.o
      1302         32        520          0          0       3384   main.o
       542          0          0          0          0       1277   pwm.o
       276         24        620          0        512       5464   startup_tm4c123.o
        18          0          0          0          0       6603   system_tm4c123.o
      1154          0          8          0          0       2121   teclado.o

    ----------------------------------------------------------------------
      3562         56       1164          0        512      20027   Object Totals
         0          0         16          0          0          0   (incl. Generated)
        18          0          0          0          0          0   (incl. Padding)

    ----------------------------------------------------------------------

      Code (inc. data)   RO Data    RW Data    ZI Data      Debug   Library Member Name

         8          0          0          0          0         68   __main.o
       392          4         17          0          0         92   __printf_flags_ss_wp.o
        14          0          0          0          0         68   __printf_wp.o
         0          0          0          0          0          0   __rtentry.o
        12          0          0          0          0          0   __rtentry2.o
         6          0          0          0          0          0   __rtentry4.o
        52          8          0          0          0          0   __scatter.o
        28          0          0          0          0          0   __scatter_zi.o
        72          0          0          0          0         96   _c16rtomb.o
         6          0          0          0          0          0   _printf_a.o
         6          0          0          0          0          0   _printf_c.o
        44          0          0          0          0        108   _printf_char.o
        48          6          0          0          0         96   _printf_char_common.o
        40          0          0          0          0         68   _printf_charcount.o
         6          0          0          0          0          0   _printf_d.o
       120         16          0          0          0         92   _printf_dec.o
         6          0          0          0          0          0   _printf_e.o
         6          0          0          0          0          0   _printf_f.o
      1052          0          0          0          0        148   _printf_fp_dec.o
       764          8         38          0          0        100   _printf_fp_hex.o
       128         16          0          0          0         84   _printf_fp_infnan.o
         6          0          0          0          0          0   _printf_g.o
       148          4         40          0          0        160   _printf_hex_int_ll_ptr.o
         6          0          0          0          0          0   _printf_i.o
       178          0          0          0          0         88   _printf_intcommon.o
        10          0          0          0          0          0   _printf_l.o
         6          0          0          0          0          0   _printf_lc.o
        10          0          0          0          0          0   _printf_ll.o
         6          0          0          0          0          0   _printf_lld.o
         6          0          0          0          0          0   _printf_lli.o
         6          0          0          0          0          0   _printf_llo.o
         6          0          0          0          0          0   _printf_llu.o
         6          0          0          0          0          0   _printf_llx.o
       124         16          0          0          0         92   _printf_longlong_dec.o
         6          0          0          0          0          0   _printf_ls.o
         6          0          0          0          0          0   _printf_n.o
         6          0          0          0          0          0   _printf_o.o
       112          8          0          0          0        124   _printf_oct_int_ll.o
         6          0          0          0          0          0   _printf_p.o
        78          0          0          0          0        108   _printf_pad.o
         0          0          0          0          0          0   _printf_percent.o
         4          0          0          0          0          0   _printf_percent_end.o
         6          0          0          0          0          0   _printf_s.o
        82          0          0          0          0         80   _printf_str.o
        36          0          0          0          0         84   _printf_truncate.o
         6          0          0          0          0          0   _printf_u.o
        44          0          0          0          0        108   _printf_wchar.o
       188          6          8          0          0         92   _printf_wctomb.o
         6          0          0          0          0          0   _printf_x.o
        22          0          0          0          0        100   _rserrno.o
        10          0          0          0          0         68   _sputc.o
       228          4        148          0          0         96   bigflt0.o
      1936        128          0          0          0        668   btod.o
        18          0          0          0          0         80   exit.o
         6          0          0          0          0        152   heapauxi.o
         0          0          0          0          0          0   indicate_semi.o
        44         10        272          0          0         76   lc_ctype_c.o
        44         10         28          0          0         76   lc_numeric_c.o
         2          0          0          0          0          0   libinit.o
        34          0          0          0          0          0   libinit2.o
         2          0          0          0          0          0   libshutdown.o
         2          0          0          0          0          0   libshutdown2.o
         8          4          0          0         96         68   libspace.o
       138          0          0          0          0         80   lludiv10.o
        16          4          0          0          0         76   rt_ctype_table.o
         8          4          0          0          0         68   rt_errno_addr_intlibspace.o
         8          4          0          0          0         68   rt_locale_intlibspace.o
         2          0          0          0          0          0   rtexit.o
        10          0          0          0          0          0   rtexit2.o
        44          6          0          0          0         84   sprintf.o
       124          0          0          0          0         88   strcmpv7em.o
        12          4          0          0          0         68   sys_exit.o
        74          0          0          0          0         80   sys_stackheap_outer.o
         2          0          0          0          0         68   use_no_semi.o
        24          0          0          0          0        164   basic.o
       834         16          0          0          0        516   daddsub_clz.o
        16          4          0          0          0        116   dcheck1.o
        24          0          0          0          0        116   dcmpi.o
       692        140          0          0          0        264   ddiv.o
        94          4          0          0          0        140   dfix.o
        46          0          0          0          0        116   dflt_clz.o
       120          4          0          0          0        140   dleqf.o
       340         12          0          0          0        152   dmul.o
       156          4          0          0          0        140   dnaninf.o
        12          0          0          0          0        116   dretinf.o
       108          0          0          0          0        128   drleqf.o
       408         56          0          0          0        168   dsqrt_umaal.o
        26          0          0          0          0        116   fpinit.o
         4          0          0          0          0        116   printf1.o
         4          0          0          0          0        116   printf2.o
       100          0          0          0          0        116   retnan.o
        92          0          0          0          0        116   scalbn.o
        48          0          0          0          0        116   trapv.o
         0          0          0          0          0          0   usenofp.o
       164         44          0          0          0        620   dunder.o
        24          0          0          0          0        124   fabs.o
        48          0          0          0          0        124   fpclassify.o
       248          0          0          0          0        152   poly.o
      3168        296        136          0          0        352   pow.o
         0          0          8          0          0          0   qnan.o
       110          0          0          0          0        148   sqrt.o

    ----------------------------------------------------------------------
     13650        850        704          0         96       8512   Library Totals
        32          0          9          0          0          0   (incl. Padding)

    ----------------------------------------------------------------------

      Code (inc. data)   RO Data    RW Data    ZI Data      Debug   Library Name

      6708        270        551          0         96       4020   c_w.l
      3148        240          0          0          0       2972   fz_wm.l
      3762        340        144          0          0       1520   m_wm.l

    ----------------------------------------------------------------------
     13650        850        704          0         96       8512   Library Totals

    ----------------------------------------------------------------------

==============================================================================


      Code (inc. data)   RO Data    RW Data    ZI Data      Debug   

     17212        906       1868          0        608      23359   Grand Totals
     17212        906       1868          0        608      23359   ELF Image Totals
     17212        906       1868          0          0          0   ROM Totals

==============================================================================

    Total RO  Size (Code + RO Data)                19080 (  18.63kB)
    Total RW  Size (RW Data + ZI Data)               608 (   0.59kB)
    Total ROM Size (Code + RO Data + RW Data)      19080 (  18.63kB)

==============================================================================

