<html>
<body>
<pre>
<h1>µVision Build Log</h1>
<h2>Tool Versions:</h2>
IDE-Version: µVision V5.37.0.0
Copyright (C) 2022 ARM Ltd and ARM Germany GmbH. All rights reserved.
License Information: anyelo rodriguez, UPTC, LIC=----
 
Tool Versions:
Toolchain:       MDK-Lite  Version: 5.37.0.0
Toolchain Path:  C:\Keil_v5\ARM\ARMCLANG\Bin
C Compiler:      ArmClang.exe V6.18
Assembler:       Armasm.exe V6.18
Linker/Locator:  ArmLink.exe V6.18
Library Manager: ArmAr.exe V6.18
Hex Converter:   FromElf.exe V6.18
CPU DLL:         SARMCM3.DLL V5.37.0.0
Dialog DLL:      DCM.DLL V1.17.5.0
Target DLL:      lmidk-agdi.dll V???
Dialog DLL:      TCM.DLL V1.56.1.0
 
<h2>Project:</h2>
C:\Users\Dell\Documents\uc\Nueva carpeta\parcial.uvprojx
Project File Date:  12/16/2022

<h2>Output:</h2>
*** Using Compiler 'V6.18', folder: 'C:\Keil_v5\ARM\ARMCLANG\Bin'
Build target 'Target 1'
main.c(25): warning: In file included from...
./adc.h(11): warning: no newline at end of file [-Wnewline-eof]
#endif
      ^
main.c(26): warning: In file included from...
./PLL.h(162): warning: no newline at end of file [-Wnewline-eof]
*/
  ^
main.c(32): warning: In file included from...
./tm4c123gh6pm.h(12713): warning: no newline at end of file [-Wnewline-eof]
#endif // __TM4C123GH6PM_H__
                            ^
main.c(36): warning: In file included from...
./teclado.h(9): warning: no newline at end of file [-Wnewline-eof]
#endif // __teclado_H__
                       ^
main.c(37): warning: In file included from...
./board.h(18): warning: no newline at end of file [-Wnewline-eof]
#endif // __board_H__
                     ^
main.c(104): warning: implicit conversion turns floating-point number into integer: 'double' to 'int' [-Wfloat-conversion]
                frec_int = 8*pow(10,6)*pow(frec,-0.999);
                         ~ ~~~~~~~~~~~^~~~~~~~~~~~~~~~~
main.c(105): warning: implicit conversion turns floating-point number into integer: 'double' to 'int' [-Wfloat-conversion]
                frec_int1 = 8*pow(10,6)*pow(frec1,-0.999);
                          ~ ~~~~~~~~~~~^~~~~~~~~~~~~~~~~~
main.c(107): warning: implicit conversion loses integer precision: 'int' to 'uint16_t' (aka 'unsigned short') [-Wimplicit-int-conversion]
                duty=(frec_int/4096)*POT1;
                    ~~~~~~~~~~~~~~~~^~~~~
main.c(112): warning: implicit conversion loses integer precision: 'int' to 'uint16_t' (aka 'unsigned short') [-Wimplicit-int-conversion]
                PWM0A_Duty(frec_int,duty);                              // initialize PWM0, 500 Hz, 25% duty   b6
                ~~~~~~~~~~ ^~~~~~~~
main.c(113): warning: implicit conversion loses integer precision: 'int' to 'uint16_t' (aka 'unsigned short') [-Wimplicit-int-conversion]
                PWM0B_Duty(frec_int,duty);
                ~~~~~~~~~~ ^~~~~~~~
main.c(114): warning: implicit conversion loses integer precision: 'int' to 'uint16_t' (aka 'unsigned short') [-Wimplicit-int-conversion]
                PWM1D_Duty(frec_int1,frec_int1/2);
                ~~~~~~~~~~           ~~~~~~~~~^~
main.c(114): warning: implicit conversion loses integer precision: 'int' to 'uint16_t' (aka 'unsigned short') [-Wimplicit-int-conversion]
                PWM1D_Duty(frec_int1,frec_int1/2);
                ~~~~~~~~~~ ^~~~~~~~~
main.c(48): warning: mixing declarations and code is incompatible with standards before C99 [-Wdeclaration-after-statement]
        int POT1 = 1;
            ^
main.c(65): warning: variable 'duty1' set but not used [-Wunused-but-set-variable]
        int duty1 = 0;
            ^
main.c(93): warning: 'sprintf' will always overflow; destination buffer has size 12, but format string expands to at least 13 [-Wfortify-source]
                        sprintf(buffer1,"------------");
                        ^
main.c(100): warning: 'sprintf' will always overflow; destination buffer has size 12, but format string expands to at least 13 [-Wfortify-source]
                        sprintf(buffer1,"------------");
                        ^
16 warnings generated.
compiling main.c...
linking...
Program Size: Code=18244 RO-data=1888 RW-data=0 ZI-data=608  
".\Objects\parcial.axf" - 0 Error(s), 16 Warning(s).

<h2>Software Packages used:</h2>

Package Vendor: ARM
                http://www.keil.com/pack/ARM.CMSIS.5.9.0.pack
                ARM.CMSIS.5.9.0
                CMSIS (Common Microcontroller Software Interface Standard)
   * Component: CORE Version: 5.6.0

Package Vendor: Keil
                http://www.keil.com/pack/Keil.TM4C_DFP.1.1.0.pack
                Keil.TM4C_DFP.1.1.0
                Texas Instruments Tiva C Series Device Support and Examples
   * Component: Startup Version: 1.0.1

<h2>Collection of Component include folders:</h2>
  ./RTE/_Target_1
  C:/Users/Dell/AppData/Local/Arm/Packs/ARM/CMSIS/5.9.0/CMSIS/Core/Include
  C:/Users/Dell/AppData/Local/Arm/Packs/Keil/TM4C_DFP/1.1.0/Device/Include/TM4C123

<h2>Collection of Component Files used:</h2>

   * Component: ARM::CMSIS:CORE:5.6.0

   * Component: Keil::Device:Startup:1.0.1
      Source file:   Device/Source/system_TM4C123.c
      Include file:  Device/Include/TM4C123/TM4C123.h
      Source file:   Device/Source/ARM/startup_TM4C123.s
Build Time Elapsed:  00:00:01
</pre>
</body>
</html>
