<html>
<body>
<pre>
<h1>µVision Build Log</h1>
<h2>Tool Versions:</h2>
IDE-Version: µVision V5.37.0.0
Copyright (C) 2022 ARM Ltd and ARM Germany GmbH. All rights reserved.
License Information: anyelo rodriguez, UPTC, LIC=----
 
Tool Versions:
Toolchain:       MDK-Lite  Version: 5.37.0.0
Toolchain Path:  C:\Keil_v5\ARM\ARMCLANG\Bin
C Compiler:      ArmClang.exe V6.18
Assembler:       Armasm.exe V6.18
Linker/Locator:  ArmLink.exe V6.18
Library Manager: ArmAr.exe V6.18
Hex Converter:   FromElf.exe V6.18
CPU DLL:         SARMCM3.DLL V5.37.0.0
Dialog DLL:      DCM.DLL V1.17.5.0
Target DLL:      lmidk-agdi.dll V???
Dialog DLL:      TCM.DLL V1.56.1.0
 
<h2>Project:</h2>
C:\Users\Dell\Documents\uc\amor pwm\pwm.uvprojx
Project File Date:  12/16/2022

<h2>Output:</h2>
*** Using Compiler 'V6.18', folder: 'C:\Keil_v5\ARM\ARMCLANG\Bin'
Build target 'Target 1'
main.c(3): warning: In file included from...
./adc.h(11): warning: no newline at end of file [-Wnewline-eof]
#endif
      ^
main.c(4): warning: In file included from...
./PLL.h(163): warning: no newline at end of file [-Wnewline-eof]
*/
  ^
main.c(7): warning: In file included from...
./tm4c123gh6pm.h(12713): warning: no newline at end of file [-Wnewline-eof]
#endif // __TM4C123GH6PM_H__
                            ^
main.c(13): warning: In file included from...
./teclado.h(7): warning: no newline at end of file [-Wnewline-eof]
#endif // __display_H__
                       ^
main.c(14): warning: In file included from...
./board.h(22): warning: no newline at end of file [-Wnewline-eof]
#endif // __board_H__
                     ^
main.c(280): warning: implicit conversion turns floating-point number into integer: 'double' to 'uint16_t' (aka 'unsigned short') [-Wfloat-conversion]
                        frec=8*pow(10,6)*pow(dato,-0.999);
                            ~~~~~~~~~~~~^~~~~~~~~~~~~~~~~
main.c(290): warning: implicit conversion increases floating-point precision: 'float' to 'double' [-Wdouble-promotion]
                        sprintf(buffer,"POT1= %1.2f", POT1);                                                                    // Guardamos el mensaje a desplegar
                        ~~~~~~~                       ^~~~
main.c(296): warning: implicit conversion increases floating-point precision: 'float' to 'double' [-Wdouble-promotion]
                        sprintf(buffer,"POT2= %1.2f", POT2);                                                                    // Guardamos el mensaje a desplegar
                        ~~~~~~~                       ^~~~
main.c(25): warning: unused variable 'ciclo' [-Wunused-variable]
        int ciclo=0;
            ^
main.c(165): warning: 'sprintf' will always overflow; destination buffer has size 12, but format string expands to at least 13 [-Wfortify-source]
                        sprintf(buffer,"------------");
                        ^
main.c(276): warning: 'sprintf' will always overflow; destination buffer has size 12, but format string expands to at least 13 [-Wfortify-source]
                        sprintf(buffer,"------------");
                        ^
11 warnings generated.
compiling main.c...
linking...
Program Size: Code=18148 RO-data=1900 RW-data=0 ZI-data=608  
".\Objects\pwm.axf" - 0 Error(s), 11 Warning(s).

<h2>Software Packages used:</h2>

Package Vendor: ARM
                http://www.keil.com/pack/ARM.CMSIS.5.9.0.pack
                ARM.CMSIS.5.9.0
                CMSIS (Common Microcontroller Software Interface Standard)
   * Component: CORE Version: 5.6.0

Package Vendor: Keil
                http://www.keil.com/pack/Keil.TM4C_DFP.1.1.0.pack
                Keil.TM4C_DFP.1.1.0
                Texas Instruments Tiva C Series Device Support and Examples
   * Component: Startup Version: 1.0.1

<h2>Collection of Component include folders:</h2>
  ./RTE/_Target_1
  C:/Users/Dell/AppData/Local/Arm/Packs/ARM/CMSIS/5.9.0/CMSIS/Core/Include
  C:/Users/Dell/AppData/Local/Arm/Packs/Keil/TM4C_DFP/1.1.0/Device/Include/TM4C123

<h2>Collection of Component Files used:</h2>

   * Component: ARM::CMSIS:CORE:5.6.0

   * Component: Keil::Device:Startup:1.0.1
      Include file:  Device/Include/TM4C123/TM4C123.h
      Source file:   Device/Source/system_TM4C123.c
      Source file:   Device/Source/ARM/startup_TM4C123.s
Build Time Elapsed:  00:00:00
</pre>
</body>
</html>
